#
# A fatal error has been detected by the Java Runtime Environment:
#
#  Internal Error (/home/wenjie/jeandle-jdk/src/hotspot/share/jeandle/jeandleCompilation.cpp:339), pid=219532, tid=219550
#  fatal error: Compilation failed in 'java.lang.String.checkIndex(II)V': module verify failed in Jeandle compilation
#
# JRE version: OpenJDK Runtime Environment (21.0.7) (fastdebug build 21.0.7-internal-adhoc.wenjie.jeandle-jdk)
# Java VM: OpenJDK 64-Bit Server VM (fastdebug 21.0.7-internal-adhoc.wenjie.jeandle-jdk, mixed mode, tiered, g1 gc, linux-amd64)
# Problematic frame:
# V  [libjvm.so+0xf31396]  JeandleCompilation::compile_java_method()+0x526
#
# Core dump will be written. Default location: Core dumps may be processed with "/wsl-capture-crash %t %E %p %s" (or dumping to /home/wenjie/jeandle-jdk/make/core.219532)
#
# If you would like to submit a bug report, please visit:
#   https://bugreport.java.com/bugreport/crash.jsp
#

---------------  S U M M A R Y ------------

Command Line: -Denv.class.path= -Dapplication.home=/home/wenjie/jeandle-jdk/build/linux-x86_64-server-fastdebug/jdk -Xms8m -Djdk.module.main=jdk.jlink jdk.jlink/jdk.tools.jmod.Main create --module-version 21.0.7-internal --target-platform linux-amd64 --module-path /home/wenjie/jeandle-jdk/build/linux-x86_64-server-fastdebug/support/interim-jmods --libs /home/wenjie/jeandle-jdk/build/linux-x86_64-server-fastdebug/support/modules_libs/java.base --cmds /home/wenjie/jeandle-jdk/build/linux-x86_64-server-fastdebug/support/modules_cmds/java.base --config /home/wenjie/jeandle-jdk/build/linux-x86_64-server-fastdebug/support/modules_conf/java.base --class-path /home/wenjie/jeandle-jdk/build/linux-x86_64-server-fastdebug/jdk/modules/java.base --header-files /home/wenjie/jeandle-jdk/build/linux-x86_64-server-fastdebug/support/modules_include/java.base --man-pages /home/wenjie/jeandle-jdk/build/linux-x86_64-server-fastdebug/support/modules_man/java.base --legal-notices /home/wenjie/jeandle-jdk/build/linux-x86_64-server-fastdebug/support/modules_legal/common:/home/wenjie/jeandle-jdk/build/linux-x86_64-server-fastdebug/support/modules_legal/java.base --exclude **{_the.*,_*.marker*,*.diz,*.debuginfo,*.dSYM/**,*.dSYM} --compress zip-0 --date 2026-06-20T05:08:31Z /home/wenjie/jeandle-jdk/build/linux-x86_64-server-fastdebug/support/interim-jmods/support/java.base.jmod

Host: RedmiBook16-2024, 13th Gen Intel(R) Core(TM) i5-13500H, 16 cores, 12G, Ubuntu 20.04.6 LTS
Time: Sun Jun 21 12:32:00 2026 CST elapsed time: 1.242539 seconds (0d 0h 0m 1s)

---------------  T H R E A D  ---------------

Current thread (0x00007c4fb02a8f40):  JavaThread "Jeandle CompilerThread0" daemon [_thread_in_native, id=219550, stack(0x00007c4ecdeff000,0x00007c4ece000000) (1028K)]


Current CompileTask:
Jeandle:1242  105       4       java.lang.String::checkIndex (10 bytes)

Stack: [0x00007c4ecdeff000,0x00007c4ece000000],  sp=0x00007c4ecdffdbb0,  free space=1018k
Native frames: (J=compiled Java code, j=interpreted, Vv=VM code, C=native code)
V  [libjvm.so+0xf31396]  JeandleCompilation::compile_java_method()+0x526  (jeandleCompilation.cpp:339)
V  [libjvm.so+0xf31e00]  JeandleCompilation::JeandleCompilation(llvm::TargetMachine*, llvm::DataLayout*, ciEnv*, ciMethod*, int, bool, llvm::MemoryBuffer*)+0x5d0  (jeandleCompilation.cpp:153)
V  [libjvm.so+0xf3c0aa]  JeandleCompiler::compile_method(ciEnv*, ciMethod*, int, bool, DirectiveSet*)+0xba  (jeandleCompiler.cpp:139)
V  [libjvm.so+0xa46b20]  CompileBroker::invoke_compiler_on_method(CompileTask*)+0x970  (compileBroker.cpp:2311)
V  [libjvm.so+0xa47820]  CompileBroker::compiler_thread_loop()+0x4f0  (compileBroker.cpp:1990)
V  [libjvm.so+0xefd262]  JavaThread::thread_main_inner()+0x272  (javaThread.cpp:717)
V  [libjvm.so+0x198ba71]  Thread::call_run()+0xe1  (thread.cpp:221)
V  [libjvm.so+0x156a782]  thread_native_entry(Thread*)+0x112  (os_linux.cpp:791)
Registers:
RAX=0x00007c4fc7ca2000, RBX=0x00007c4fb02a8f40, RCX=0x0000000000000006, RDX=0x00007c4fc73d5cc8
RSP=0x00007c4ecdffdbb0, RBP=0x00007c4ecdffde90, RSI=0x00007c4e9804dea0, RDI=0x00007c4fb02a8f40
R8 =0x0000000000000005, R9 =0x00007c4f00000000, R10=0x00007c4e980008d0, R11=0x00007c4e98000080
R12=0x00007c4ecdffdfa0, R13=0x00007c4ecdffdc00, R14=0x00007c4ecdffdc60, R15=0x00007c4ecdffe0a0
RIP=0x00007c4fc6531396, EFLAGS=0x0000000000010202, CSGSFS=0x002b000000000033, ERR=0x0000000000000006
  TRAPNO=0x000000000000000e

XMM[0]=0x0000000000000000 0x0000000000000000
XMM[1]=0x0000000000000000 0x00007c4e98000080
XMM[2]=0xffffffffffffffff 0x0000000000ff0000
XMM[3]=0x0000000000000000 0x00007c4e98000130
XMM[4]=0x00007c4eb82122f8 0x000000355f696362
XMM[5]=0x0000000000000000 0x00007c4e98000080
XMM[6]=0x0000000000000006 0x000000355f696362
XMM[7]=0x0000000000000000 0x0000000000000000
XMM[8]=0x6170206465727265 0x66657270202d2000
XMM[9]=0x0000000000000000 0x0000000000000000
XMM[10]=0xcacaca6115190415 0x0f0e220d0e13150f
XMM[11]=0x0000000000000000 0x0000000000000000
XMM[12]=0x0000000000000000 0x0000000000000000
XMM[13]=0x0000000000000000 0x0000000000000000
XMM[14]=0x0000000000000000 0x0000000000000000
XMM[15]=0xcafebabecafebabe 0xcafebabecafebabe
  MXCSR=0x00001fa2


Register to memory mapping:

RAX=0x00007c4fc7ca2000 in mmap'd memory region [0x00007c4fc7ca2000 - 0x00007c4fc7ca3000], tag mtInternal
RBX=0x00007c4fb02a8f40 is a thread
RCX=0x0000000000000006 is an unknown value
RDX=0x00007c4fc73d5cc8: <offset 0x0000000001dd5cc8> in /home/wenjie/jeandle-jdk/build/linux-x86_64-server-fastdebug/jdk/lib/server/libjvm.so at 0x00007c4fc5600000
RSP=0x00007c4ecdffdbb0 is pointing into the stack for thread: 0x00007c4fb02a8f40
RBP=0x00007c4ecdffde90 is pointing into the stack for thread: 0x00007c4fb02a8f40
RSI=0x00007c4e9804dea0 points into unknown readable memory: 0x00007c4e9804f040 | 40 f0 04 98 4e 7c 00 00
RDI=0x00007c4fb02a8f40 is a thread
R8 =0x0000000000000005 is an unknown value
R9 =0x00007c4f00000000 is an unallocated location in the heap
R10=0x00007c4e980008d0 points into unknown readable memory: 0x0001000000010004 | 04 00 01 00 00 00 01 00
R11=0x00007c4e98000080 points into unknown readable memory: 0x00007c4e980e7b20 | 20 7b 0e 98 4e 7c 00 00
R12=0x00007c4ecdffdfa0 is pointing into the stack for thread: 0x00007c4fb02a8f40
R13=0x00007c4ecdffdc00 is pointing into the stack for thread: 0x00007c4fb02a8f40
R14=0x00007c4ecdffdc60 is pointing into the stack for thread: 0x00007c4fb02a8f40
R15=0x00007c4ecdffe0a0 is pointing into the stack for thread: 0x00007c4fb02a8f40

Top of Stack: (sp=0x00007c4ecdffdbb0)
0x00007c4ecdffdbb0:   00007c4ecdffdc50 00007c4ecdffdc70
0x00007c4ecdffdbc0:   00007c4eb83cbc70 00007c4eb83cbc90
0x00007c4ecdffdbd0:   00007c4ecdffdce0 00007c4fc5f38a2b
0x00007c4ecdffdbe0:   00007c4e980755a0 00007c4ecdffdc20
0x00007c4ecdffdbf0:   00007c4ecdffdc40 00007c4eb83cbc70
0x00007c4ecdffdc00:   0000000000000000 0000000000000000
0x00007c4ecdffdc10:   00007c4fb02a9710 00007c4e8c057f00
0x00007c4ecdffdc20:   00007c4e8c05b8f0 00007c4fc73d5de6
0x00007c4ecdffdc30:   0000000000000000 00007c4e00000001
0x00007c4ecdffdc40:   00007c4fb02a8f40 00007c4ecdffdda0
0x00007c4ecdffdc50:   00007c4fc77ebb60 00007c4eb83cbc70
0x00007c4ecdffdc60:   00007c4e980cd990 0000000000000020
0x00007c4ecdffdc70:   0000000000000020 00007c4e98045be0
0x00007c4ecdffdc80:   00007c4e8c02e810 00007c4e98003858
0x00007c4ecdffdc90:   00007c4e8c02ea8a 0000000000000000
0x00007c4ecdffdca0:   00007c4e00000005 00007c4e8c02ea80
0x00007c4ecdffdcb0:   00007c4e8c02ea8a 00007c4e8c02ea8a
0x00007c4ecdffdcc0:   000000b1000000b1 00007c4e980471e0
0x00007c4ecdffdcd0:   00007c4ecdffe0a0 00007c4e8c05b900
0x00007c4ecdffdce0:   00007c4ecdffdcf0 0000000200000000
0x00007c4ecdffdcf0:   000000000000a90a 0000000000000000
0x00007c4ecdffdd00:   00007c4ecdffdd40 00007c4ecdffdd38
0x00007c4ecdffdd10:   0000000000000000 00007c4e980aca10
0x00007c4ecdffdd20:   00007c4e980aca40 3fc9999999990000
0x00007c4ecdffdd30:   00007c4e98045be0 00007c4ecdffdd68
0x00007c4ecdffdd40:   00007c4ecdffdd70 0000000000000000
0x00007c4ecdffdd50:   0007020000000000 0000000000000000
0x00007c4ecdffdd60:   0000000000000000 00007c4fc53f3198
0x00007c4ecdffdd70:   00007c4fc53a5b78 00007c4f00000000
0x00007c4ecdffdd80:   0000000000000002 00007c4e98094fd0
0x00007c4ecdffdd90:   0000000000000001 0000000000000040
0x00007c4ecdffdda0:   00007c4e8c05ba70 00007c4e8c05bc18 

Instructions: (pc=0x00007c4fc6531396)
0x00007c4fc6531296:   fd ff ff 0f 1f 80 00 00 00 00 66 48 8d 3d 20 bc
0x00007c4fc65312a6:   3a 01 66 66 48 e8 d0 0c 3e ff 48 8b 18 48 85 db
0x00007c4fc65312b6:   0f 84 0c 05 00 00 48 8b 03 48 89 df ff 50 40 84
0x00007c4fc65312c6:   c0 75 47 48 8d 05 94 b9 42 01 44 8b 18 45 85 db
0x00007c4fc65312d6:   7f 38 48 8d 05 d1 0c 3b 01 48 8d 0d 54 be da 00
0x00007c4fc65312e6:   48 8d 15 13 bd da 00 be ce 03 00 00 48 8d 3d 2f
0x00007c4fc65312f6:   bd da 00 48 8b 00 c6 00 58 31 c0 e8 ba 5b bb ff
0x00007c4fc6531306:   66 2e 0f 1f 84 00 00 00 00 00 48 8b 03 48 89 df
0x00007c4fc6531316:   ff 50 48 84 c0 75 43 48 8d 05 40 b9 42 01 44 8b
0x00007c4fc6531326:   10 45 85 d2 7f 34 48 8d 05 7d 0c 3b 01 48 8d 0d
0x00007c4fc6531336:   56 cb da 00 48 8d 15 77 cb da 00 be 40 00 00 00
0x00007c4fc6531346:   48 8d 3d 93 cb da 00 48 8b 00 c6 00 58 31 c0 e8
0x00007c4fc6531356:   66 5b bb ff 66 0f 1f 44 00 00 48 8b 83 70 07 00
0x00007c4fc6531366:   00 48 8b 80 80 00 00 00 48 83 b8 a8 04 00 00 00
0x00007c4fc6531376:   0f 84 64 04 00 00 48 8d 05 17 24 3b 01 80 38 00
0x00007c4fc6531386:   0f 84 aa fc ff ff 48 8d 05 1d 0c 3b 01 48 8b 00
0x00007c4fc6531396:   c6 00 58 e8 92 86 55 ff 48 8d 95 e0 fd ff ff 4c
0x00007c4fc65313a6:   89 f7 48 8b 80 70 07 00 00 48 8b 80 80 00 00 00
0x00007c4fc65313b6:   48 89 95 d0 fd ff ff 48 8b 70 28 48 8b 50 30 48
0x00007c4fc65313c6:   01 f2 e8 53 74 ff ff 4c 8b 85 d0 fd ff ff ba 53
0x00007c4fc65313d6:   01 00 00 31 c0 4c 8d 0d e6 48 ea 00 48 8d 0d 9f
0x00007c4fc65313e6:   01 ea 00 bf 00 00 00 e0 48 8d 35 eb 45 ea 00 e8
0x00007c4fc65313f6:   a6 5c bb ff 66 0f 1f 44 00 00 66 48 8d 3d c0 ba
0x00007c4fc6531406:   3a 01 66 66 48 e8 70 0b 3e ff 48 8b 18 48 85 db
0x00007c4fc6531416:   0f 84 f4 00 00 00 48 8b 03 48 89 df ff 50 40 84
0x00007c4fc6531426:   c0 75 13 48 8d 05 34 b8 42 01 44 8b 00 45 85 c0
0x00007c4fc6531436:   0f 8e 9c fe ff ff 48 8b 03 48 89 df ff 50 48 84
0x00007c4fc6531446:   c0 75 11 48 8d 05 14 b8 42 01 8b 38 85 ff 0f 8e
0x00007c4fc6531456:   d2 fe ff ff 48 8b 83 70 07 00 00 48 8b 80 80 00
0x00007c4fc6531466:   00 00 48 83 b8 a8 04 00 00 00 0f 84 e2 00 00 00
0x00007c4fc6531476:   48 8d 05 1d 23 3b 01 80 38 00 0f 84 ee fd ff ff
0x00007c4fc6531486:   48 8d 05 23 0b 3b 01 48 8b 00 c6 00 58 e8 98 85 


Stack slot to memory mapping:

stack at sp + 0 slots: 0x00007c4ecdffdc50 is pointing into the stack for thread: 0x00007c4fb02a8f40
stack at sp + 1 slots: 0x00007c4ecdffdc70 is pointing into the stack for thread: 0x00007c4fb02a8f40
stack at sp + 2 slots: 0x00007c4eb83cbc70 is pointing into metadata
stack at sp + 3 slots: 0x00007c4eb83cbc90 is pointing into metadata
stack at sp + 4 slots: 0x00007c4ecdffdce0 is pointing into the stack for thread: 0x00007c4fb02a8f40
stack at sp + 5 slots: 0x00007c4fc5f38a2b: <offset 0x0000000000938a2b> in /home/wenjie/jeandle-jdk/build/linux-x86_64-server-fastdebug/jdk/lib/server/libjvm.so at 0x00007c4fc5600000
stack at sp + 6 slots: 0x00007c4e980755a0 points into unknown readable memory: 0x00007c4e980cf800 | 00 f8 0c 98 4e 7c 00 00
stack at sp + 7 slots: 0x00007c4ecdffdc20 is pointing into the stack for thread: 0x00007c4fb02a8f40


---------------  P R O C E S S  ---------------

uid  : 1000 euid : 1000 gid  : 1000 egid : 1000

umask: 0022 (----w--w-)

Threads class SMR info:
_java_thread_list=0x00007c4fb041b400, length=20, elements={
0x00007c4fb002d400, 0x00007c4fb0295210, 0x00007c4fb0296a70, 0x00007c4fb0298550,
0x00007c4fb02a2020, 0x00007c4fb02a3780, 0x00007c4fb02a8f40, 0x00007c4fb02b2e70,
0x00007c4fb02e86a0, 0x00007c4e9c12ea70, 0x00007c4e9c12ff20, 0x00007c4e9c131890,
0x00007c4e9c133210, 0x00007c4e800cc7c0, 0x00007c4e8c0c3140, 0x00007c4e9c180380,
0x00007c4e800e8f10, 0x00007c4e8c0c8480, 0x00007c4e880bad40, 0x00007c4fb041b6b0
}
_java_thread_list_alloc_cnt=21, _java_thread_list_free_cnt=19, _java_thread_list_max=20, _nested_thread_list_max=0
_tlh_cnt=352, _tlh_times=225, avg_tlh_time=0.64, _tlh_time_max=162
_delete_lock_wait_cnt=0, _delete_lock_wait_max=0
_to_delete_list_cnt=0, _to_delete_list_max=1

Java Threads: ( => current thread )
  0x00007c4fb002d400 JavaThread "main"                              [_thread_in_Java, id=219537, stack(0x00007c4fb75ce000,0x00007c4fb76cf000) (1028K)]
  0x00007c4fb0295210 JavaThread "Reference Handler"          daemon [_thread_blocked, id=219545, stack(0x00007c4fb4408000,0x00007c4fb4509000) (1028K)]
  0x00007c4fb0296a70 JavaThread "Finalizer"                  daemon [_thread_blocked, id=219546, stack(0x00007c4fb4307000,0x00007c4fb4408000) (1028K)]
  0x00007c4fb0298550 JavaThread "Signal Dispatcher"          daemon [_thread_blocked, id=219547, stack(0x00007c4fb4206000,0x00007c4fb4307000) (1028K)]
  0x00007c4fb02a2020 JavaThread "Service Thread"             daemon [_thread_blocked, id=219548, stack(0x00007c4fb4105000,0x00007c4fb4206000) (1028K)]
  0x00007c4fb02a3780 JavaThread "Monitor Deflation Thread"   daemon [_thread_blocked, id=219549, stack(0x00007c4fb4004000,0x00007c4fb4105000) (1028K)]
=>0x00007c4fb02a8f40 JavaThread "Jeandle CompilerThread0"    daemon [_thread_in_native, id=219550, stack(0x00007c4ecdeff000,0x00007c4ece000000) (1028K)]
  0x00007c4fb02b2e70 JavaThread "C1 CompilerThread0"         daemon [_thread_blocked, id=219551, stack(0x00007c4ecddfe000,0x00007c4ecdeff000) (1028K)]
  0x00007c4fb02e86a0 JavaThread "Common-Cleaner"             daemon [_thread_blocked, id=219553, stack(0x00007c4ecdce8000,0x00007c4ecdde9000) (1028K)]
  0x00007c4e9c12ea70 JavaThread "Jeandle CompilerThread1"    daemon [_thread_in_native, id=219576, stack(0x00007c4ecdbe7000,0x00007c4ecdce8000) (1028K)]
  0x00007c4e9c12ff20 JavaThread "C1 CompilerThread1"         daemon [_thread_blocked, id=219577, stack(0x00007c4ecdae6000,0x00007c4ecdbe7000) (1028K)]
  0x00007c4e9c131890 JavaThread "C1 CompilerThread2"         daemon [_thread_blocked, id=219578, stack(0x00007c4ecd9e5000,0x00007c4ecdae6000) (1028K)]
  0x00007c4e9c133210 JavaThread "C1 CompilerThread3"         daemon [_thread_blocked, id=219579, stack(0x00007c4ecd8e4000,0x00007c4ecd9e5000) (1028K)]
  0x00007c4e800cc7c0 JavaThread "Jeandle CompilerThread2"    daemon [_thread_in_native, id=219580, stack(0x00007c4ecd7e3000,0x00007c4ecd8e4000) (1028K)]
  0x00007c4e8c0c3140 JavaThread "Jeandle CompilerThread3"    daemon [_thread_in_native, id=219582, stack(0x00007c4ecd03b000,0x00007c4ecd13c000) (1028K)]
  0x00007c4e9c180380 JavaThread "Jeandle CompilerThread4"    daemon [_thread_in_native, id=219583, stack(0x00007c4eccf3a000,0x00007c4ecd03b000) (1028K)]
  0x00007c4e800e8f10 JavaThread "Jeandle CompilerThread5"    daemon [_thread_in_native, id=219584, stack(0x00007c4ecce39000,0x00007c4eccf3a000) (1028K)]
  0x00007c4e8c0c8480 JavaThread "Jeandle CompilerThread6"    daemon [_thread_in_native, id=219585, stack(0x00007c4eccd38000,0x00007c4ecce39000) (1028K)]
  0x00007c4e880bad40 JavaThread "Jeandle CompilerThread7"    daemon [_thread_in_native, id=219586, stack(0x00007c4eccc37000,0x00007c4eccd38000) (1028K)]
  0x00007c4fb041b6b0 JavaThread "Notification Thread"        daemon [_thread_blocked, id=219587, stack(0x00007c4eccb36000,0x00007c4eccc37000) (1028K)]
Total: 20

Other Threads:
  0x00007c4fb0221790 VMThread "VM Thread"                           [id=219544, stack(0x00007c4fb450a000,0x00007c4fb460a000) (1024K)]
  0x00007c4fb00e9710 WatcherThread "VM Periodic Task Thread"        [id=219543, stack(0x00007c4fb460b000,0x00007c4fb470b000) (1024K)]
  0x00007c4fb008aef0 WorkerThread "GC Thread#0"                     [id=219538, stack(0x00007c4fb58f9000,0x00007c4fb59f9000) (1024K)]
  0x00007c4eb0009f80 WorkerThread "GC Thread#1"                     [id=219581, stack(0x00007c4ecd6e3000,0x00007c4ecd7e3000) (1024K)]
  0x00007c4eb00101b0 WorkerThread "GC Thread#2"                     [id=219588, stack(0x00007c4ecca36000,0x00007c4eccb36000) (1024K)]
  0x00007c4fb0098f20 ConcurrentGCThread "G1 Main Marker"            [id=219539, stack(0x00007c4fb57f8000,0x00007c4fb58f8000) (1024K)]
  0x00007c4fb009a170 WorkerThread "G1 Conc#0"                       [id=219540, stack(0x00007c4fb56f7000,0x00007c4fb57f7000) (1024K)]
  0x00007c4fb00d7ae0 ConcurrentGCThread "G1 Refine#0"               [id=219541, stack(0x00007c4fb48e9000,0x00007c4fb49e9000) (1024K)]
  0x00007c4fb00d8d30 ConcurrentGCThread "G1 Service"                [id=219542, stack(0x00007c4fb47e8000,0x00007c4fb48e8000) (1024K)]
Total: 9

Threads with active compile tasks:
Jeandle CompilerThread0  3400  105       4       java.lang.String::checkIndex (10 bytes)
Jeandle CompilerThread1  3400   67       4       java.lang.String::isLatin1 (19 bytes)
Jeandle CompilerThread2  3400  178       4       jdk.internal.util.ArraysSupport::signedHashCode (37 bytes)
Jeandle CompilerThread3  3400  262       4       java.lang.StringLatin1::replace (198 bytes)
Jeandle CompilerThread4  3400   89       4       java.lang.String::charAt (25 bytes)
Jeandle CompilerThread5  3400  275       4       java.io.DataInputStream::readUTF (501 bytes)
Jeandle CompilerThread6  3400  301       4       java.io.DataInputStream::readFully (59 bytes)
Jeandle CompilerThread7  3400  369       4       java.lang.StringLatin1::equals (36 bytes)
Total: 8

VM state: not at safepoint (normal execution)

VM Mutex/Monitor currently owned by a thread: None

GC Precious Log:
 CardTable entry size: 512
 Card Set container configuration: InlinePtr #cards 4 size 8 Array Of Cards #cards 16 size 48 Howl #buckets 8 coarsen threshold 3686 Howl Bitmap #cards 512 size 80 coarsen threshold 460 Card regions per heap region 1 cards per card region 4096
 CPUs: 16 total, 16 available
 Memory: 12659M
 Large Page Support: Disabled
 NUMA Support: Disabled
 Compressed Oops: Disabled
 Heap Region Size: 2M
 Heap Min Capacity: 8M
 Heap Initial Capacity: 8M
 Heap Max Capacity: 3166M
 Pre-touch: Disabled
 Parallel Workers: 13
 Concurrent Workers: 3
 Concurrent Refinement Workers: 13
 Periodic GC: Disabled

Heap:
 garbage-first heap   total 47104K, used 4724K [0x00007c4edb200000, 0x00007c4fa1000000)
  region size 2048K, 3 young (6144K), 2 survivors (4096K)
 Metaspace       used 11295K, committed 11392K, reserved 65536K

Heap Regions: E=young(eden), S=young(survivor), O=old, HS=humongous(starts), HC=humongous(continues), CS=collection set, F=free, TAMS=top-at-mark-start, PB=parsable bottom
|   0|0x00007c4edb200000, 0x00007c4edb29d2a0, 0x00007c4edb400000| 30%| O|  |TAMS 0x00007c4edb200000| PB 0x00007c4edb200000| Untracked 
|   1|0x00007c4edb400000, 0x00007c4edb400000, 0x00007c4edb600000|  0%| F|  |TAMS 0x00007c4edb400000| PB 0x00007c4edb400000| Untracked 
|   2|0x00007c4edb600000, 0x00007c4edb600000, 0x00007c4edb800000|  0%| F|  |TAMS 0x00007c4edb600000| PB 0x00007c4edb600000| Untracked 
|   3|0x00007c4edb800000, 0x00007c4edb800000, 0x00007c4edba00000|  0%| F|  |TAMS 0x00007c4edb800000| PB 0x00007c4edb800000| Untracked 
|   4|0x00007c4edba00000, 0x00007c4edba00000, 0x00007c4edbc00000|  0%| F|  |TAMS 0x00007c4edba00000| PB 0x00007c4edba00000| Untracked 
|   5|0x00007c4edbc00000, 0x00007c4edbc00000, 0x00007c4edbe00000|  0%| F|  |TAMS 0x00007c4edbc00000| PB 0x00007c4edbc00000| Untracked 
|   6|0x00007c4edbe00000, 0x00007c4edbe00000, 0x00007c4edc000000|  0%| F|  |TAMS 0x00007c4edbe00000| PB 0x00007c4edbe00000| Untracked 
|   7|0x00007c4edc000000, 0x00007c4edc000000, 0x00007c4edc200000|  0%| F|  |TAMS 0x00007c4edc000000| PB 0x00007c4edc000000| Untracked 
|   8|0x00007c4edc200000, 0x00007c4edc200000, 0x00007c4edc400000|  0%| F|  |TAMS 0x00007c4edc200000| PB 0x00007c4edc200000| Untracked 
|   9|0x00007c4edc400000, 0x00007c4edc600000, 0x00007c4edc600000|100%| S|CS|TAMS 0x00007c4edc400000| PB 0x00007c4edc400000| Complete 
|  10|0x00007c4edc600000, 0x00007c4edc800000, 0x00007c4edc800000|100%| S|CS|TAMS 0x00007c4edc600000| PB 0x00007c4edc600000| Complete 
|  11|0x00007c4edc800000, 0x00007c4edc800000, 0x00007c4edca00000|  0%| F|  |TAMS 0x00007c4edc800000| PB 0x00007c4edc800000| Untracked 
|  12|0x00007c4edca00000, 0x00007c4edca00000, 0x00007c4edcc00000|  0%| F|  |TAMS 0x00007c4edca00000| PB 0x00007c4edca00000| Untracked 
|  13|0x00007c4edcc00000, 0x00007c4edcc00000, 0x00007c4edce00000|  0%| F|  |TAMS 0x00007c4edcc00000| PB 0x00007c4edcc00000| Untracked 
|  14|0x00007c4edce00000, 0x00007c4edce00000, 0x00007c4edd000000|  0%| F|  |TAMS 0x00007c4edce00000| PB 0x00007c4edce00000| Untracked 
|  15|0x00007c4edd000000, 0x00007c4edd000000, 0x00007c4edd200000|  0%| F|  |TAMS 0x00007c4edd000000| PB 0x00007c4edd000000| Untracked 
|  16|0x00007c4edd200000, 0x00007c4edd200000, 0x00007c4edd400000|  0%| F|  |TAMS 0x00007c4edd200000| PB 0x00007c4edd200000| Untracked 
|  17|0x00007c4edd400000, 0x00007c4edd400000, 0x00007c4edd600000|  0%| F|  |TAMS 0x00007c4edd400000| PB 0x00007c4edd400000| Untracked 
|  18|0x00007c4edd600000, 0x00007c4edd600000, 0x00007c4edd800000|  0%| F|  |TAMS 0x00007c4edd600000| PB 0x00007c4edd600000| Untracked 
|  19|0x00007c4edd800000, 0x00007c4edd800000, 0x00007c4edda00000|  0%| F|  |TAMS 0x00007c4edd800000| PB 0x00007c4edd800000| Untracked 
|  20|0x00007c4edda00000, 0x00007c4edda00000, 0x00007c4eddc00000|  0%| F|  |TAMS 0x00007c4edda00000| PB 0x00007c4edda00000| Untracked 
|  21|0x00007c4eddc00000, 0x00007c4eddc00000, 0x00007c4edde00000|  0%| F|  |TAMS 0x00007c4eddc00000| PB 0x00007c4eddc00000| Untracked 
|  22|0x00007c4edde00000, 0x00007c4edde28478, 0x00007c4ede000000|  7%| E|  |TAMS 0x00007c4edde00000| PB 0x00007c4edde00000| Complete 

Card table byte_map: [0x00007c4fb5a91000,0x00007c4fb60c0000] _byte_map_base: 0x00007c118e3b8000

Marking Bits: (CMBitMap*) 0x00007c4fb008bc40
 Bits: [0x00007c4ed8088000, 0x00007c4edb200000)

Polling page: 0x00007c4fc7c58000

Metaspace:

Usage:
   11.03 MB used.

Virtual space:
     64.00 MB reserved,      11.12 MB ( 17%) committed,  1 nodes.

Chunk freelists:
4.85 MB

MaxMetaspaceSize: unlimited
No class space
Initial GC threshold: 21.00 MB
Current GC threshold: 21.00 MB
CDS: off
 - commit_granule_bytes: 65536.
 - commit_granule_words: 8192.
 - virtual_space_node_default_size: 8388608.
 - enlarge_chunks_in_place: 1.
 - use_allocation_guard: 0.


Internal statistics:

num_allocs: 72000.
num_deallocs: 81.
num_allocs_from_deallocated_blocks: 290.
num_chunks_retired: 65.
num_allocs_failed_limit: 0.
num_arena_births: 146.
num_arena_deaths: 0.
num_vsnodes_births: 1.
num_vsnodes_deaths: 0.
num_space_committed: 178.
num_space_uncommitted: 0.
num_chunks_returned_to_freelist: 0.
num_chunks_taken_from_freelist: 211.
num_chunk_merges: 0.
num_chunk_splits: 165.
num_chunks_enlarged: 276.
num_inconsistent_stats: 0.

CodeHeap 'non-profiled nmethods': size=119168Kb used=195Kb max_used=195Kb free=118972Kb
 bounds [0x00007c4fa8ba0000, 0x00007c4fa8e10000, 0x00007c4fb0000000]
CodeHeap 'profiled nmethods': size=119164Kb used=2051Kb max_used=2051Kb free=117112Kb
 bounds [0x00007c4fa1000000, 0x00007c4fa1270000, 0x00007c4fa845f000]
CodeHeap 'non-nmethods': size=7428Kb used=3651Kb max_used=3651Kb free=3776Kb
 bounds [0x00007c4fa845f000, 0x00007c4fa87ff000, 0x00007c4fa8ba0000]
 total_blobs=1861 nmethods=1050 adapters=727
 compilation: enabled
              stopped_count=0, restarted_count=0
 full_count=0

Compilation events (20 events):
Event: 1.045 Thread 0x00007c4e9c131890  218       3       jdk.internal.module.ModuleInfo$ConstantPool::getModuleName (63 bytes)
Event: 1.045 Thread 0x00007c4e9c133210  219       3       java.util.HashSet::contains (9 bytes)
Event: 1.046 Thread 0x00007c4e9c133210 nmethod 219 0x00007c4fa105f490 code [0x00007c4fa105f660, 0x00007c4fa105f890]
Event: 1.216 Thread 0x00007c4e800cc7c0  178       4       jdk.internal.util.ArraysSupport::signedHashCode (37 bytes)
Event: 1.216 Thread 0x00007c4e9c131890 nmethod 218 0x00007c4fa105fa10 code [0x00007c4fa105fce0, 0x00007c4fa10604f8]
Event: 1.216 Thread 0x00007c4e9c12ea70   67       4       java.lang.String::isLatin1 (19 bytes)
Event: 1.216 Thread 0x00007c4fb02a8f40  105       4       java.lang.String::checkIndex (10 bytes)
Event: 1.216 Thread 0x00007c4e9c133210  220       1       jdk.internal.module.ModuleInfo$CountingDataInput::count (5 bytes)
Event: 1.216 Thread 0x00007c4e9c133210 nmethod 220 0x00007c4fa8ba9610 code [0x00007c4fa8ba97c0, 0x00007c4fa8ba9898]
Event: 1.227 Thread 0x00007c4e9c131890  222       3       java.lang.StringLatin1::lastIndexOf (40 bytes)
Event: 1.227 Thread 0x00007c4fb02b2e70  223       3       java.util.HashMap$ValueIterator::next (8 bytes)
Event: 1.228 Thread 0x00007c4e9c133210  224       3       java.lang.StringCoding::countPositives (33 bytes)
Event: 1.228 Thread 0x00007c4fb02b2e70 nmethod 223 0x00007c4fa1060a90 code [0x00007c4fa1060c60, 0x00007c4fa1060dc0]
Event: 1.228 Thread 0x00007c4e9c131890 nmethod 222 0x00007c4fa1060e90 code [0x00007c4fa1061080, 0x00007c4fa1061480]
Event: 1.228 Thread 0x00007c4e9c133210 nmethod 224 0x00007c4fa1061790 code [0x00007c4fa1061980, 0x00007c4fa1061bf0]
Event: 1.229 Thread 0x00007c4e9c133210  226       3       java.util.ImmutableCollections$AbstractImmutableCollection::<init> (5 bytes)
Event: 1.229 Thread 0x00007c4e9c131890  227       3       java.util.HashSet::<init> (29 bytes)
Event: 1.229 Thread 0x00007c4fb02b2e70  228       3       java.util.HashMap::newHashMap (44 bytes)
Event: 1.229 Thread 0x00007c4e9c133210 nmethod 226 0x00007c4fa1061d90 code [0x00007c4fa1061f40, 0x00007c4fa1062118]
Event: 1.230 Thread 0x00007c4e9c131890 nmethod 227 0x00007c4fa1062210 code [0x00007c4fa1062420, 0x00007c4fa1062900]

GC Heap History (2 events):
Event: 1.209 GC heap before
{Heap before GC invocations=0 (full 0):
 garbage-first heap   total 8192K, used 2048K [0x00007c4edb200000, 0x00007c4fa1000000)
  region size 2048K, 1 young (2048K), 0 survivors (0K)
 Metaspace       used 6090K, committed 6144K, reserved 65536K
}
Event: 1.216 GC heap after
{Heap after GC invocations=1 (full 0):
 garbage-first heap   total 8192K, used 832K [0x00007c4edb200000, 0x00007c4fa1000000)
  region size 2048K, 1 young (2048K), 1 survivors (2048K)
 Metaspace       used 6090K, committed 6144K, reserved 65536K
}

Dll operation events (3 events):
Event: 0.026 Loaded shared library /home/wenjie/jeandle-jdk/build/linux-x86_64-server-fastdebug/jdk/lib/libjava.so
Event: 0.540 Loaded shared library /home/wenjie/jeandle-jdk/build/linux-x86_64-server-fastdebug/jdk/lib/libnio.so
Event: 0.814 Loaded shared library /home/wenjie/jeandle-jdk/build/linux-x86_64-server-fastdebug/jdk/lib/libnet.so

Deoptimization events (0 events):
No events

Classes loaded (20 events):
Event: 0.957 Loading class java/util/HashMap$Values
Event: 0.958 Loading class java/util/HashMap$Values done
Event: 0.958 Loading class java/util/HashMap$ValueIterator
Event: 0.959 Loading class java/util/HashMap$ValueIterator done
Event: 0.959 Loading class jdk/internal/module/ModuleInfo$Attributes
Event: 0.960 Loading class jdk/internal/module/ModuleInfo$Attributes done
Event: 0.960 Loading class jdk/internal/module/ModuleReferences
Event: 0.961 Loading class jdk/internal/module/ModuleReferences done
Event: 0.961 Loading class java/lang/module/ModuleReader
Event: 0.962 Loading class java/lang/module/ModuleReader done
Event: 0.965 Loading class sun/nio/fs/UnixUriUtils
Event: 0.983 Loading class sun/nio/fs/UnixUriUtils done
Event: 0.985 Loading class java/net/URI$Parser
Event: 0.985 Loading class java/net/URI$Parser done
Event: 0.986 Loading class jdk/internal/module/ModuleReferenceImpl
Event: 0.987 Loading class java/lang/module/ModuleReference
Event: 0.987 Loading class java/lang/module/ModuleReference done
Event: 0.987 Loading class jdk/internal/module/ModuleReferenceImpl done
Event: 0.989 Loading class java/lang/module/ModuleDescriptor$Exports
Event: 0.990 Loading class java/lang/module/ModuleDescriptor$Exports done

Classes unloaded (0 events):
No events

Classes redefined (0 events):
No events

Internal exceptions (8 events):
Event: 0.717 Thread 0x00007c4fb002d400 Exception <a 'java/lang/NoSuchMethodError'{0x00007c4edb887468}: 'java.lang.Object java.lang.invoke.DirectMethodHandle$Holder.invokeStatic(java.lang.Object, java.lang.Object, java.lang.Object)'> (0x00007c4edb887468) 
thrown [/home/wenjie/jeandle-jdk/src/hotspot/share/interpreter/linkResolver.cpp, line 772]
Event: 0.747 Thread 0x00007c4fb002d400 Exception <a 'java/lang/NoSuchMethodError'{0x00007c4edb8953c0}: 'java.lang.Object java.lang.invoke.Invokers$Holder.invokeExact_MT(java.lang.Object, java.lang.Object, java.lang.Object, java.lang.Object, java.lang.Object, java.lang.Object, java.lang.Object, java.lang.Object)'> (0x00007c4edb8953c0) 
thrown [/home/wenjie/jeandle-jdk/src/hotspot/share/interpreter/linkResolver.cpp, line 772]
Event: 0.762 Thread 0x00007c4fb002d400 Exception <a 'java/lang/NoSuchMethodError'{0x00007c4edb8a2450}: 'java.lang.Object java.lang.invoke.DirectMethodHandle$Holder.newInvokeSpecial(java.lang.Object, java.lang.Object, java.lang.Object)'> (0x00007c4edb8a2450) 
thrown [/home/wenjie/jeandle-jdk/src/hotspot/share/interpreter/linkResolver.cpp, line 772]
Event: 0.767 Thread 0x00007c4fb002d400 Exception <a 'java/lang/NoSuchMethodError'{0x00007c4edb8b5d70}: 'java.lang.Object java.lang.invoke.Invokers$Holder.linkToTargetMethod(java.lang.Object, java.lang.Object, java.lang.Object)'> (0x00007c4edb8b5d70) 
thrown [/home/wenjie/jeandle-jdk/src/hotspot/share/interpreter/linkResolver.cpp, line 772]
Event: 0.836 Thread 0x00007c4fb002d400 Exception <a 'java/lang/NoSuchMethodError'{0x00007c4edb8c04a0}: 'java.lang.Object java.lang.invoke.DirectMethodHandle$Holder.invokeSpecial(java.lang.Object, java.lang.Object, java.lang.Object)'> (0x00007c4edb8c04a0) 
thrown [/home/wenjie/jeandle-jdk/src/hotspot/share/interpreter/linkResolver.cpp, line 772]
Event: 0.945 Thread 0x00007c4fb002d400 Exception <a 'java/lang/NoSuchMethodError'{0x00007c4edb8e5f18}: 'java.lang.Object java.lang.invoke.DirectMethodHandle$Holder.newInvokeSpecial(java.lang.Object, java.lang.Object)'> (0x00007c4edb8e5f18) 
thrown [/home/wenjie/jeandle-jdk/src/hotspot/share/interpreter/linkResolver.cpp, line 772]
Event: 0.950 Thread 0x00007c4fb002d400 Exception <a 'java/lang/NoSuchMethodError'{0x00007c4edb8eaa30}: 'java.lang.Object java.lang.invoke.Invokers$Holder.linkToTargetMethod(java.lang.Object, java.lang.Object)'> (0x00007c4edb8eaa30) 
thrown [/home/wenjie/jeandle-jdk/src/hotspot/share/interpreter/linkResolver.cpp, line 772]
Event: 0.962 Thread 0x00007c4fb002d400 Exception <a 'java/lang/NoSuchMethodError'{0x00007c4edb8f1a18}: 'java.lang.Object java.lang.invoke.DirectMethodHandle$Holder.invokeStatic(java.lang.Object, java.lang.Object)'> (0x00007c4edb8f1a18) 
thrown [/home/wenjie/jeandle-jdk/src/hotspot/share/interpreter/linkResolver.cpp, line 772]

ZGC Phase Switch (0 events):
No events

VM Operations (2 events):
Event: 1.046 Executing VM operation: G1CollectForAllocation (G1 Evacuation Pause)
Event: 1.216 Executing VM operation: G1CollectForAllocation (G1 Evacuation Pause) done

Memory protections (14 events):
Event: 0.025 Protecting memory [0x00007c4fb75ce000,0x00007c4fb75d2000] with protection modes 0
Event: 0.443 Protecting memory [0x00007c4fb4408000,0x00007c4fb440c000] with protection modes 0
Event: 0.444 Protecting memory [0x00007c4fb4307000,0x00007c4fb430b000] with protection modes 0
Event: 0.451 Protecting memory [0x00007c4fb4206000,0x00007c4fb420a000] with protection modes 0
Event: 0.451 Protecting memory [0x00007c4fb4105000,0x00007c4fb4109000] with protection modes 0
Event: 0.451 Protecting memory [0x00007c4fb4004000,0x00007c4fb4008000] with protection modes 0
Event: 0.452 Protecting memory [0x00007c4ecdeff000,0x00007c4ecdf03000] with protection modes 0
Event: 0.453 Protecting memory [0x00007c4ecddfe000,0x00007c4ecde02000] with protection modes 0
Event: 0.577 Protecting memory [0x00007c4ecdce8000,0x00007c4ecdcec000] with protection modes 0
Event: 0.997 Protecting memory [0x00007c4ecdbe7000,0x00007c4ecdbeb000] with protection modes 0
Event: 0.998 Protecting memory [0x00007c4ecdae6000,0x00007c4ecdaea000] with protection modes 0
Event: 0.998 Protecting memory [0x00007c4ecd9e5000,0x00007c4ecd9e9000] with protection modes 0
Event: 0.999 Protecting memory [0x00007c4ecd8e4000,0x00007c4ecd8e8000] with protection modes 0
Event: 1.024 Protecting memory [0x00007c4ecd7e3000,0x00007c4ecd7e7000] with protection modes 0

Nmethod flushes (0 events):
No events

Events (14 events):
Event: 0.214 Thread 0x00007c4fb002d400 Thread added: 0x00007c4fb002d400
Event: 0.442 Thread 0x00007c4fb002d400 Thread added: 0x00007c4fb0295210
Event: 0.444 Thread 0x00007c4fb002d400 Thread added: 0x00007c4fb0296a70
Event: 0.450 Thread 0x00007c4fb002d400 Thread added: 0x00007c4fb0298550
Event: 0.451 Thread 0x00007c4fb002d400 Thread added: 0x00007c4fb02a2020
Event: 0.451 Thread 0x00007c4fb002d400 Thread added: 0x00007c4fb02a3780
Event: 0.452 Thread 0x00007c4fb002d400 Thread added: 0x00007c4fb02a8f40
Event: 0.453 Thread 0x00007c4fb002d400 Thread added: 0x00007c4fb02b2e70
Event: 0.577 Thread 0x00007c4fb002d400 Thread added: 0x00007c4fb02e86a0
Event: 0.997 Thread 0x00007c4fb02b2e70 Thread added: 0x00007c4e9c12ea70
Event: 0.998 Thread 0x00007c4fb02b2e70 Thread added: 0x00007c4e9c12ff20
Event: 0.998 Thread 0x00007c4fb02b2e70 Thread added: 0x00007c4e9c131890
Event: 0.999 Thread 0x00007c4fb02b2e70 Thread added: 0x00007c4e9c133210
Event: 1.024 Thread 0x00007c4e9c133210 Thread added: 0x00007c4e800cc7c0


Dynamic libraries:
5de45ce1c000-5de45ce1d000 r--p 00000000 08:30 412339                     /home/wenjie/jeandle-jdk/build/linux-x86_64-server-fastdebug/jdk/bin/jmod
5de45ce1d000-5de45ce1e000 r-xp 00001000 08:30 412339                     /home/wenjie/jeandle-jdk/build/linux-x86_64-server-fastdebug/jdk/bin/jmod
5de45ce1e000-5de45ce1f000 r--p 00002000 08:30 412339                     /home/wenjie/jeandle-jdk/build/linux-x86_64-server-fastdebug/jdk/bin/jmod
5de45ce1f000-5de45ce20000 r--p 00002000 08:30 412339                     /home/wenjie/jeandle-jdk/build/linux-x86_64-server-fastdebug/jdk/bin/jmod
5de45ce20000-5de45ce21000 rw-p 00003000 08:30 412339                     /home/wenjie/jeandle-jdk/build/linux-x86_64-server-fastdebug/jdk/bin/jmod
5de4673b6000-5de467440000 rw-p 00000000 00:00 0                          [heap]
7c4e60000000-7c4e60021000 rw-p 00000000 00:00 0 
7c4e60021000-7c4e64000000 ---p 00000000 00:00 0 
7c4e64000000-7c4e64021000 rw-p 00000000 00:00 0 
7c4e64021000-7c4e68000000 ---p 00000000 00:00 0 
7c4e68000000-7c4e6804f000 rw-p 00000000 00:00 0 
7c4e6804f000-7c4e6c000000 ---p 00000000 00:00 0 
7c4e6c000000-7c4e6c04f000 rw-p 00000000 00:00 0 
7c4e6c04f000-7c4e70000000 ---p 00000000 00:00 0 
7c4e70000000-7c4e7004f000 rw-p 00000000 00:00 0 
7c4e7004f000-7c4e74000000 ---p 00000000 00:00 0 
7c4e74000000-7c4e74071000 rw-p 00000000 00:00 0 
7c4e74071000-7c4e78000000 ---p 00000000 00:00 0 
7c4e78000000-7c4e78021000 rw-p 00000000 00:00 0 
7c4e78021000-7c4e7c000000 ---p 00000000 00:00 0 
7c4e7c000000-7c4e7c069000 rw-p 00000000 00:00 0 
7c4e7c069000-7c4e80000000 ---p 00000000 00:00 0 
7c4e80000000-7c4e801ec000 rw-p 00000000 00:00 0 
7c4e801ec000-7c4e84000000 ---p 00000000 00:00 0 
7c4e84000000-7c4e8404c000 rw-p 00000000 00:00 0 
7c4e8404c000-7c4e88000000 ---p 00000000 00:00 0 
7c4e88000000-7c4e881c4000 rw-p 00000000 00:00 0 
7c4e881c4000-7c4e8c000000 ---p 00000000 00:00 0 
7c4e8c000000-7c4e8c17a000 rw-p 00000000 00:00 0 
7c4e8c17a000-7c4e90000000 ---p 00000000 00:00 0 
7c4e90000000-7c4e90021000 rw-p 00000000 00:00 0 
7c4e90021000-7c4e94000000 ---p 00000000 00:00 0 
7c4e94000000-7c4e9404b000 rw-p 00000000 00:00 0 
7c4e9404b000-7c4e98000000 ---p 00000000 00:00 0 
7c4e98000000-7c4e98134000 rw-p 00000000 00:00 0 
7c4e98134000-7c4e9c000000 ---p 00000000 00:00 0 
7c4e9c000000-7c4e9c4cf000 rw-p 00000000 00:00 0 
7c4e9c4cf000-7c4ea0000000 ---p 00000000 00:00 0 
7c4ea0000000-7c4ea0021000 rw-p 00000000 00:00 0 
7c4ea0021000-7c4ea4000000 ---p 00000000 00:00 0 
7c4ea4000000-7c4ea4021000 rw-p 00000000 00:00 0 
7c4ea4021000-7c4ea8000000 ---p 00000000 00:00 0 
7c4ea8000000-7c4ea8021000 rw-p 00000000 00:00 0 
7c4ea8021000-7c4eac000000 ---p 00000000 00:00 0 
7c4eac000000-7c4eac021000 rw-p 00000000 00:00 0 
7c4eac021000-7c4eb0000000 ---p 00000000 00:00 0 
7c4eb0000000-7c4eb0025000 rw-p 00000000 00:00 0 
7c4eb0025000-7c4eb4000000 ---p 00000000 00:00 0 
7c4eb4000000-7c4eb4021000 rw-p 00000000 00:00 0 
7c4eb4021000-7c4eb8000000 ---p 00000000 00:00 0 
7c4eb8000000-7c4eb8500000 rw-p 00000000 00:00 0 
7c4eb8500000-7c4eb8520000 rw-p 00000000 00:00 0 
7c4eb8520000-7c4eb8540000 rw-p 00000000 00:00 0 
7c4eb8540000-7c4eb8580000 rw-p 00000000 00:00 0 
7c4eb8580000-7c4eb8700000 rw-p 00000000 00:00 0 
7c4eb8700000-7c4eb8740000 rw-p 00000000 00:00 0 
7c4eb8740000-7c4eb8780000 rw-p 00000000 00:00 0 
7c4eb8780000-7c4eb8900000 rw-p 00000000 00:00 0 
7c4eb8900000-7c4eb8980000 rw-p 00000000 00:00 0 
7c4eb8980000-7c4eb8af0000 rw-p 00000000 00:00 0 
7c4eb8af0000-7c4eb8b00000 ---p 00000000 00:00 0 
7c4eb8b00000-7c4eb8b30000 rw-p 00000000 00:00 0 
7c4eb8b30000-7c4ebc000000 ---p 00000000 00:00 0 
7c4ebc000000-7c4ebc021000 rw-p 00000000 00:00 0 
7c4ebc021000-7c4ec0000000 ---p 00000000 00:00 0 
7c4ec0000000-7c4ec0021000 rw-p 00000000 00:00 0 
7c4ec0021000-7c4ec4000000 ---p 00000000 00:00 0 
7c4ec4000000-7c4ec4021000 rw-p 00000000 00:00 0 
7c4ec4021000-7c4ec8000000 ---p 00000000 00:00 0 
7c4ec8000000-7c4ec8021000 rw-p 00000000 00:00 0 
7c4ec8021000-7c4ecc000000 ---p 00000000 00:00 0 
7c4ecc487000-7c4ecca35000 rw-p 00000000 00:00 0 
7c4ecca35000-7c4ecca36000 ---p 00000000 00:00 0 
7c4ecca36000-7c4eccb36000 rw-p 00000000 00:00 0 
7c4eccb36000-7c4eccb3a000 ---p 00000000 00:00 0 
7c4eccb3a000-7c4eccc37000 rw-p 00000000 00:00 0 
7c4eccc37000-7c4eccc3b000 ---p 00000000 00:00 0 
7c4eccc3b000-7c4eccd38000 rw-p 00000000 00:00 0 
7c4eccd38000-7c4eccd3c000 ---p 00000000 00:00 0 
7c4eccd3c000-7c4ecce39000 rw-p 00000000 00:00 0 
7c4ecce39000-7c4ecce3d000 ---p 00000000 00:00 0 
7c4ecce3d000-7c4eccf3a000 rw-p 00000000 00:00 0 
7c4eccf3a000-7c4eccf3e000 ---p 00000000 00:00 0 
7c4eccf3e000-7c4ecd03b000 rw-p 00000000 00:00 0 
7c4ecd03b000-7c4ecd03f000 ---p 00000000 00:00 0 
7c4ecd03f000-7c4ecd13c000 rw-p 00000000 00:00 0 
7c4ecd13c000-7c4ecd6e2000 rw-p 00000000 00:00 0 
7c4ecd6e2000-7c4ecd6e3000 ---p 00000000 00:00 0 
7c4ecd6e3000-7c4ecd7e3000 rw-p 00000000 00:00 0 
7c4ecd7e3000-7c4ecd7e7000 ---p 00000000 00:00 0 
7c4ecd7e7000-7c4ecd8e4000 rw-p 00000000 00:00 0 
7c4ecd8e4000-7c4ecd8e8000 ---p 00000000 00:00 0 
7c4ecd8e8000-7c4ecd9e5000 rw-p 00000000 00:00 0 
7c4ecd9e5000-7c4ecd9e9000 ---p 00000000 00:00 0 
7c4ecd9e9000-7c4ecdae6000 rw-p 00000000 00:00 0 
7c4ecdae6000-7c4ecdaea000 ---p 00000000 00:00 0 
7c4ecdaea000-7c4ecdbe7000 rw-p 00000000 00:00 0 
7c4ecdbe7000-7c4ecdbeb000 ---p 00000000 00:00 0 
7c4ecdbeb000-7c4ecdce8000 rw-p 00000000 00:00 0 
7c4ecdce8000-7c4ecdcec000 ---p 00000000 00:00 0 
7c4ecdcec000-7c4ecdde9000 rw-p 00000000 00:00 0 
7c4ecdde9000-7c4ecddef000 r--p 00000000 08:30 410763                     /home/wenjie/jeandle-jdk/build/linux-x86_64-server-fastdebug/jdk/lib/libnio.so
7c4ecddef000-7c4ecddf8000 r-xp 00006000 08:30 410763                     /home/wenjie/jeandle-jdk/build/linux-x86_64-server-fastdebug/jdk/lib/libnio.so
7c4ecddf8000-7c4ecddfc000 r--p 0000f000 08:30 410763                     /home/wenjie/jeandle-jdk/build/linux-x86_64-server-fastdebug/jdk/lib/libnio.so
7c4ecddfc000-7c4ecddfd000 r--p 00012000 08:30 410763                     /home/wenjie/jeandle-jdk/build/linux-x86_64-server-fastdebug/jdk/lib/libnio.so
7c4ecddfd000-7c4ecddfe000 rw-p 00013000 08:30 410763                     /home/wenjie/jeandle-jdk/build/linux-x86_64-server-fastdebug/jdk/lib/libnio.so
7c4ecddfe000-7c4ecde02000 ---p 00000000 00:00 0 
7c4ecde02000-7c4ecdeff000 rw-p 00000000 00:00 0 
7c4ecdeff000-7c4ecdf03000 ---p 00000000 00:00 0 
7c4ecdf03000-7c4ece000000 rw-p 00000000 00:00 0 
7c4ece000000-7c4ed0000000 rw-p 00000000 00:00 0 
7c4ed0000000-7c4ed0021000 rw-p 00000000 00:00 0 
7c4ed0021000-7c4ed4000000 ---p 00000000 00:00 0 
7c4ed4000000-7c4ed4021000 rw-p 00000000 00:00 0 
7c4ed4021000-7c4ed8000000 ---p 00000000 00:00 0 
7c4ed800f000-7c4ed8140000 rw-p 00000000 00:00 0 
7c4ed8140000-7c4edb200000 ---p 00000000 00:00 0 
7c4edb200000-7c4ede000000 rw-p 00000000 00:00 0 
7c4ede000000-7c4fa1000000 ---p 00000000 00:00 0 
7c4fa1000000-7c4fa1270000 rwxp 00000000 00:00 0 
7c4fa1270000-7c4fa845f000 ---p 00000000 00:00 0 
7c4fa845f000-7c4fa87ff000 rwxp 00000000 00:00 0 
7c4fa87ff000-7c4fa8ba0000 ---p 00000000 00:00 0 
7c4fa8ba0000-7c4fa8e10000 rwxp 00000000 00:00 0 
7c4fa8e10000-7c4fb0000000 ---p 00000000 00:00 0 
7c4fb0000000-7c4fb0559000 rw-p 00000000 00:00 0 
7c4fb0559000-7c4fb4000000 ---p 00000000 00:00 0 
7c4fb4004000-7c4fb4008000 ---p 00000000 00:00 0 
7c4fb4008000-7c4fb4105000 rw-p 00000000 00:00 0 
7c4fb4105000-7c4fb4109000 ---p 00000000 00:00 0 
7c4fb4109000-7c4fb4206000 rw-p 00000000 00:00 0 
7c4fb4206000-7c4fb420a000 ---p 00000000 00:00 0 
7c4fb420a000-7c4fb4307000 rw-p 00000000 00:00 0 
7c4fb4307000-7c4fb430b000 ---p 00000000 00:00 0 
7c4fb430b000-7c4fb4408000 rw-p 00000000 00:00 0 
7c4fb4408000-7c4fb440c000 ---p 00000000 00:00 0 
7c4fb440c000-7c4fb4509000 rw-p 00000000 00:00 0 
7c4fb4509000-7c4fb450a000 ---p 00000000 00:00 0 
7c4fb450a000-7c4fb460a000 rw-p 00000000 00:00 0 
7c4fb460a000-7c4fb460b000 ---p 00000000 00:00 0 
7c4fb460b000-7c4fb470b000 rw-p 00000000 00:00 0 
7c4fb470b000-7c4fb47e7000 rw-p 00000000 00:00 0 
7c4fb47e7000-7c4fb47e8000 ---p 00000000 00:00 0 
7c4fb47e8000-7c4fb48e8000 rw-p 00000000 00:00 0 
7c4fb48e8000-7c4fb48e9000 ---p 00000000 00:00 0 
7c4fb48e9000-7c4fb49e9000 rw-p 00000000 00:00 0 
7c4fb49e9000-7c4fb56f6000 rw-p 00000000 00:00 0 
7c4fb56f6000-7c4fb56f7000 ---p 00000000 00:00 0 
7c4fb56f7000-7c4fb57f7000 rw-p 00000000 00:00 0 
7c4fb57f7000-7c4fb57f8000 ---p 00000000 00:00 0 
7c4fb57f8000-7c4fb58f8000 rw-p 00000000 00:00 0 
7c4fb58f8000-7c4fb58f9000 ---p 00000000 00:00 0 
7c4fb58f9000-7c4fb59f9000 rw-p 00000000 00:00 0 
7c4fb59f9000-7c4fb5aa8000 rw-p 00000000 00:00 0 
7c4fb5aa8000-7c4fb60c0000 ---p 00000000 00:00 0 
7c4fb60c0000-7c4fb60d7000 rw-p 00000000 00:00 0 
7c4fb60d7000-7c4fb66ef000 ---p 00000000 00:00 0 
7c4fb66ef000-7c4fb7401000 rw-p 00000000 00:00 0 
7c4fb7401000-7c4fb74e5000 ---p 00000000 00:00 0 
7c4fb74e5000-7c4fb74ea000 rw-p 00000000 00:00 0 
7c4fb74ea000-7c4fb75ce000 ---p 00000000 00:00 0 
7c4fb75ce000-7c4fb75d2000 ---p 00000000 00:00 0 
7c4fb75d2000-7c4fb76cf000 rw-p 00000000 00:00 0 
7c4fb76cf000-7c4fb7765000 r--p 00000000 08:30 39208                      /usr/lib/x86_64-linux-gnu/libstdc++.so.6.0.28
7c4fb7765000-7c4fb7856000 r-xp 00096000 08:30 39208                      /usr/lib/x86_64-linux-gnu/libstdc++.so.6.0.28
7c4fb7856000-7c4fb789f000 r--p 00187000 08:30 39208                      /usr/lib/x86_64-linux-gnu/libstdc++.so.6.0.28
7c4fb789f000-7c4fb78a0000 ---p 001d0000 08:30 39208                      /usr/lib/x86_64-linux-gnu/libstdc++.so.6.0.28
7c4fb78a0000-7c4fb78ab000 r--p 001d0000 08:30 39208                      /usr/lib/x86_64-linux-gnu/libstdc++.so.6.0.28
7c4fb78ab000-7c4fb78ae000 rw-p 001db000 08:30 39208                      /usr/lib/x86_64-linux-gnu/libstdc++.so.6.0.28
7c4fb78ae000-7c4fb78b1000 rw-p 00000000 00:00 0 
7c4fb78b1000-7c4fb78be000 r--p 00000000 08:30 38868                      /usr/lib/x86_64-linux-gnu/libm-2.31.so
7c4fb78be000-7c4fb7965000 r-xp 0000d000 08:30 38868                      /usr/lib/x86_64-linux-gnu/libm-2.31.so
7c4fb7965000-7c4fb79fe000 r--p 000b4000 08:30 38868                      /usr/lib/x86_64-linux-gnu/libm-2.31.so
7c4fb79fe000-7c4fb79ff000 r--p 0014c000 08:30 38868                      /usr/lib/x86_64-linux-gnu/libm-2.31.so
7c4fb79ff000-7c4fb7a00000 rw-p 0014d000 08:30 38868                      /usr/lib/x86_64-linux-gnu/libm-2.31.so
7c4fb7a00000-7c4fbaec1000 r--p 00000000 08:30 350946                     /home/wenjie/build-jeandle/jeandle-llvm-install/lib/libLLVM.so.22.0git
7c4fbaec1000-7c4fc06f0000 r-xp 034c1000 08:30 350946                     /home/wenjie/build-jeandle/jeandle-llvm-install/lib/libLLVM.so.22.0git
7c4fc06f0000-7c4fc539d000 r--p 08cf0000 08:30 350946                     /home/wenjie/build-jeandle/jeandle-llvm-install/lib/libLLVM.so.22.0git
7c4fc539d000-7c4fc5451000 r--p 0d99c000 08:30 350946                     /home/wenjie/build-jeandle/jeandle-llvm-install/lib/libLLVM.so.22.0git
7c4fc5451000-7c4fc54a6000 rw-p 0da50000 08:30 350946                     /home/wenjie/build-jeandle/jeandle-llvm-install/lib/libLLVM.so.22.0git
7c4fc54a6000-7c4fc5545000 rw-p 00000000 00:00 0 
7c4fc5546000-7c4fc5549000 r--p 00000000 08:30 410757                     /home/wenjie/jeandle-jdk/build/linux-x86_64-server-fastdebug/jdk/lib/libnet.so
7c4fc5549000-7c4fc5551000 r-xp 00003000 08:30 410757                     /home/wenjie/jeandle-jdk/build/linux-x86_64-server-fastdebug/jdk/lib/libnet.so
7c4fc5551000-7c4fc5553000 r--p 0000b000 08:30 410757                     /home/wenjie/jeandle-jdk/build/linux-x86_64-server-fastdebug/jdk/lib/libnet.so
7c4fc5553000-7c4fc5554000 ---p 0000d000 08:30 410757                     /home/wenjie/jeandle-jdk/build/linux-x86_64-server-fastdebug/jdk/lib/libnet.so
7c4fc5554000-7c4fc5555000 r--p 0000d000 08:30 410757                     /home/wenjie/jeandle-jdk/build/linux-x86_64-server-fastdebug/jdk/lib/libnet.so
7c4fc5555000-7c4fc5556000 rw-p 0000e000 08:30 410757                     /home/wenjie/jeandle-jdk/build/linux-x86_64-server-fastdebug/jdk/lib/libnet.so
7c4fc5556000-7c4fc55c1000 rw-p 00000000 00:00 0 
7c4fc55c1000-7c4fc55c8000 ---p 00000000 00:00 0 
7c4fc55c8000-7c4fc55d4000 r--p 00000000 08:30 410730                     /home/wenjie/jeandle-jdk/build/linux-x86_64-server-fastdebug/jdk/lib/libjava.so
7c4fc55d4000-7c4fc55e3000 r-xp 0000c000 08:30 410730                     /home/wenjie/jeandle-jdk/build/linux-x86_64-server-fastdebug/jdk/lib/libjava.so
7c4fc55e3000-7c4fc55e9000 r--p 0001b000 08:30 410730                     /home/wenjie/jeandle-jdk/build/linux-x86_64-server-fastdebug/jdk/lib/libjava.so
7c4fc55e9000-7c4fc55ea000 r--p 00020000 08:30 410730                     /home/wenjie/jeandle-jdk/build/linux-x86_64-server-fastdebug/jdk/lib/libjava.so
7c4fc55ea000-7c4fc55eb000 rw-p 00021000 08:30 410730                     /home/wenjie/jeandle-jdk/build/linux-x86_64-server-fastdebug/jdk/lib/libjava.so
7c4fc55eb000-7c4fc55ec000 rw-p 00000000 00:00 0 
7c4fc55ec000-7c4fc55ef000 r--p 00000000 08:30 38648                      /usr/lib/x86_64-linux-gnu/libnss_files-2.31.so
7c4fc55ef000-7c4fc55f6000 r-xp 00003000 08:30 38648                      /usr/lib/x86_64-linux-gnu/libnss_files-2.31.so
7c4fc55f6000-7c4fc55f8000 r--p 0000a000 08:30 38648                      /usr/lib/x86_64-linux-gnu/libnss_files-2.31.so
7c4fc55f8000-7c4fc55f9000 r--p 0000b000 08:30 38648                      /usr/lib/x86_64-linux-gnu/libnss_files-2.31.so
7c4fc55f9000-7c4fc55fa000 rw-p 0000c000 08:30 38648                      /usr/lib/x86_64-linux-gnu/libnss_files-2.31.so
7c4fc55fa000-7c4fc5600000 rw-p 00000000 00:00 0 
7c4fc5600000-7c4fc5911000 r--p 00000000 08:30 410022                     /home/wenjie/jeandle-jdk/build/linux-x86_64-server-fastdebug/jdk/lib/server/libjvm.so
7c4fc5911000-7c4fc72d9000 r-xp 00311000 08:30 410022                     /home/wenjie/jeandle-jdk/build/linux-x86_64-server-fastdebug/jdk/lib/server/libjvm.so
7c4fc72d9000-7c4fc77e4000 r--p 01cd9000 08:30 410022                     /home/wenjie/jeandle-jdk/build/linux-x86_64-server-fastdebug/jdk/lib/server/libjvm.so
7c4fc77e4000-7c4fc77e5000 ---p 021e4000 08:30 410022                     /home/wenjie/jeandle-jdk/build/linux-x86_64-server-fastdebug/jdk/lib/server/libjvm.so
7c4fc77e5000-7c4fc78dd000 r--p 021e4000 08:30 410022                     /home/wenjie/jeandle-jdk/build/linux-x86_64-server-fastdebug/jdk/lib/server/libjvm.so
7c4fc78dd000-7c4fc7910000 rw-p 022dc000 08:30 410022                     /home/wenjie/jeandle-jdk/build/linux-x86_64-server-fastdebug/jdk/lib/server/libjvm.so
7c4fc7910000-7c4fc79be000 rw-p 00000000 00:00 0 
7c4fc79c0000-7c4fc79c2000 r--p 00000000 08:30 410753                     /home/wenjie/jeandle-jdk/build/linux-x86_64-server-fastdebug/jdk/lib/libzip.so
7c4fc79c2000-7c4fc79c7000 r-xp 00002000 08:30 410753                     /home/wenjie/jeandle-jdk/build/linux-x86_64-server-fastdebug/jdk/lib/libzip.so
7c4fc79c7000-7c4fc79c9000 r--p 00007000 08:30 410753                     /home/wenjie/jeandle-jdk/build/linux-x86_64-server-fastdebug/jdk/lib/libzip.so
7c4fc79c9000-7c4fc79ca000 r--p 00008000 08:30 410753                     /home/wenjie/jeandle-jdk/build/linux-x86_64-server-fastdebug/jdk/lib/libzip.so
7c4fc79ca000-7c4fc79cb000 rw-p 00009000 08:30 410753                     /home/wenjie/jeandle-jdk/build/linux-x86_64-server-fastdebug/jdk/lib/libzip.so
7c4fc79cb000-7c4fc79d3000 rw-s 00000000 08:30 406335                     /tmp/hsperfdata_wenjie/219532
7c4fc79d3000-7c4fc79d6000 r--p 00000000 08:30 410758                     /home/wenjie/jeandle-jdk/build/linux-x86_64-server-fastdebug/jdk/lib/libjimage.so
7c4fc79d6000-7c4fc79ea000 r-xp 00003000 08:30 410758                     /home/wenjie/jeandle-jdk/build/linux-x86_64-server-fastdebug/jdk/lib/libjimage.so
7c4fc79ea000-7c4fc79f0000 r--p 00017000 08:30 410758                     /home/wenjie/jeandle-jdk/build/linux-x86_64-server-fastdebug/jdk/lib/libjimage.so
7c4fc79f0000-7c4fc79f1000 ---p 0001d000 08:30 410758                     /home/wenjie/jeandle-jdk/build/linux-x86_64-server-fastdebug/jdk/lib/libjimage.so
7c4fc79f1000-7c4fc79f3000 r--p 0001d000 08:30 410758                     /home/wenjie/jeandle-jdk/build/linux-x86_64-server-fastdebug/jdk/lib/libjimage.so
7c4fc79f3000-7c4fc79f4000 rw-p 0001f000 08:30 410758                     /home/wenjie/jeandle-jdk/build/linux-x86_64-server-fastdebug/jdk/lib/libjimage.so
7c4fc79f4000-7c4fc79f7000 r--p 00000000 08:30 38841                      /usr/lib/x86_64-linux-gnu/libgcc_s.so.1
7c4fc79f7000-7c4fc7a09000 r-xp 00003000 08:30 38841                      /usr/lib/x86_64-linux-gnu/libgcc_s.so.1
7c4fc7a09000-7c4fc7a0d000 r--p 00015000 08:30 38841                      /usr/lib/x86_64-linux-gnu/libgcc_s.so.1
7c4fc7a0d000-7c4fc7a0e000 r--p 00018000 08:30 38841                      /usr/lib/x86_64-linux-gnu/libgcc_s.so.1
7c4fc7a0e000-7c4fc7a0f000 rw-p 00019000 08:30 38841                      /usr/lib/x86_64-linux-gnu/libgcc_s.so.1
7c4fc7a0f000-7c4fc7a11000 r--p 00000000 08:30 38758                      /usr/lib/x86_64-linux-gnu/librt-2.31.so
7c4fc7a11000-7c4fc7a15000 r-xp 00002000 08:30 38758                      /usr/lib/x86_64-linux-gnu/librt-2.31.so
7c4fc7a15000-7c4fc7a17000 r--p 00006000 08:30 38758                      /usr/lib/x86_64-linux-gnu/librt-2.31.so
7c4fc7a17000-7c4fc7a18000 r--p 00007000 08:30 38758                      /usr/lib/x86_64-linux-gnu/librt-2.31.so
7c4fc7a18000-7c4fc7a19000 rw-p 00008000 08:30 38758                      /usr/lib/x86_64-linux-gnu/librt-2.31.so
7c4fc7a19000-7c4fc7a1b000 rw-p 00000000 00:00 0 
7c4fc7a1b000-7c4fc7a21000 r--p 00000000 08:30 38921                      /usr/lib/x86_64-linux-gnu/libpthread-2.31.so
7c4fc7a21000-7c4fc7a32000 r-xp 00006000 08:30 38921                      /usr/lib/x86_64-linux-gnu/libpthread-2.31.so
7c4fc7a32000-7c4fc7a38000 r--p 00017000 08:30 38921                      /usr/lib/x86_64-linux-gnu/libpthread-2.31.so
7c4fc7a38000-7c4fc7a39000 r--p 0001c000 08:30 38921                      /usr/lib/x86_64-linux-gnu/libpthread-2.31.so
7c4fc7a39000-7c4fc7a3a000 rw-p 0001d000 08:30 38921                      /usr/lib/x86_64-linux-gnu/libpthread-2.31.so
7c4fc7a3a000-7c4fc7a3e000 rw-p 00000000 00:00 0 
7c4fc7a3e000-7c4fc7a3f000 r--p 00000000 08:30 39120                      /usr/lib/x86_64-linux-gnu/libdl-2.31.so
7c4fc7a3f000-7c4fc7a41000 r-xp 00001000 08:30 39120                      /usr/lib/x86_64-linux-gnu/libdl-2.31.so
7c4fc7a41000-7c4fc7a42000 r--p 00003000 08:30 39120                      /usr/lib/x86_64-linux-gnu/libdl-2.31.so
7c4fc7a42000-7c4fc7a43000 r--p 00003000 08:30 39120                      /usr/lib/x86_64-linux-gnu/libdl-2.31.so
7c4fc7a43000-7c4fc7a44000 rw-p 00004000 08:30 39120                      /usr/lib/x86_64-linux-gnu/libdl-2.31.so
7c4fc7a44000-7c4fc7a46000 r--p 00000000 08:30 39166                      /usr/lib/x86_64-linux-gnu/libz.so.1.2.11
7c4fc7a46000-7c4fc7a57000 r-xp 00002000 08:30 39166                      /usr/lib/x86_64-linux-gnu/libz.so.1.2.11
7c4fc7a57000-7c4fc7a5d000 r--p 00013000 08:30 39166                      /usr/lib/x86_64-linux-gnu/libz.so.1.2.11
7c4fc7a5d000-7c4fc7a5e000 ---p 00019000 08:30 39166                      /usr/lib/x86_64-linux-gnu/libz.so.1.2.11
7c4fc7a5e000-7c4fc7a5f000 r--p 00019000 08:30 39166                      /usr/lib/x86_64-linux-gnu/libz.so.1.2.11
7c4fc7a5f000-7c4fc7a60000 rw-p 0001a000 08:30 39166                      /usr/lib/x86_64-linux-gnu/libz.so.1.2.11
7c4fc7a60000-7c4fc7a82000 r--p 00000000 08:30 38629                      /usr/lib/x86_64-linux-gnu/libc-2.31.so
7c4fc7a82000-7c4fc7bfa000 r-xp 00022000 08:30 38629                      /usr/lib/x86_64-linux-gnu/libc-2.31.so
7c4fc7bfa000-7c4fc7c48000 r--p 0019a000 08:30 38629                      /usr/lib/x86_64-linux-gnu/libc-2.31.so
7c4fc7c48000-7c4fc7c4c000 r--p 001e7000 08:30 38629                      /usr/lib/x86_64-linux-gnu/libc-2.31.so
7c4fc7c4c000-7c4fc7c4e000 rw-p 001eb000 08:30 38629                      /usr/lib/x86_64-linux-gnu/libc-2.31.so
7c4fc7c4e000-7c4fc7c52000 rw-p 00000000 00:00 0 
7c4fc7c58000-7c4fc7c59000 ---p 00000000 00:00 0 
7c4fc7c59000-7c4fc7c5a000 r--p 00000000 00:00 0 
7c4fc7c5a000-7c4fc7c5c000 r--p 00000000 08:30 410737                     /home/wenjie/jeandle-jdk/build/linux-x86_64-server-fastdebug/jdk/lib/libjli.so
7c4fc7c5c000-7c4fc7c66000 r-xp 00002000 08:30 410737                     /home/wenjie/jeandle-jdk/build/linux-x86_64-server-fastdebug/jdk/lib/libjli.so
7c4fc7c66000-7c4fc7c69000 r--p 0000c000 08:30 410737                     /home/wenjie/jeandle-jdk/build/linux-x86_64-server-fastdebug/jdk/lib/libjli.so
7c4fc7c69000-7c4fc7c6a000 ---p 0000f000 08:30 410737                     /home/wenjie/jeandle-jdk/build/linux-x86_64-server-fastdebug/jdk/lib/libjli.so
7c4fc7c6a000-7c4fc7c6b000 r--p 0000f000 08:30 410737                     /home/wenjie/jeandle-jdk/build/linux-x86_64-server-fastdebug/jdk/lib/libjli.so
7c4fc7c6b000-7c4fc7c6c000 rw-p 00010000 08:30 410737                     /home/wenjie/jeandle-jdk/build/linux-x86_64-server-fastdebug/jdk/lib/libjli.so
7c4fc7c6c000-7c4fc7c6e000 rw-p 00000000 00:00 0 
7c4fc7c6e000-7c4fc7c72000 r--p 00000000 00:00 0                          [vvar]
7c4fc7c72000-7c4fc7c74000 r--p 00000000 00:00 0                          [vvar_vclock]
7c4fc7c74000-7c4fc7c76000 r-xp 00000000 00:00 0                          [vdso]
7c4fc7c76000-7c4fc7c77000 r--p 00000000 08:30 38585                      /usr/lib/x86_64-linux-gnu/ld-2.31.so
7c4fc7c77000-7c4fc7c9a000 r-xp 00001000 08:30 38585                      /usr/lib/x86_64-linux-gnu/ld-2.31.so
7c4fc7c9a000-7c4fc7ca2000 r--p 00024000 08:30 38585                      /usr/lib/x86_64-linux-gnu/ld-2.31.so
7c4fc7ca2000-7c4fc7ca3000 rwxp 00000000 00:00 0 
7c4fc7ca3000-7c4fc7ca4000 r--p 0002c000 08:30 38585                      /usr/lib/x86_64-linux-gnu/ld-2.31.so
7c4fc7ca4000-7c4fc7ca5000 rw-p 0002d000 08:30 38585                      /usr/lib/x86_64-linux-gnu/ld-2.31.so
7c4fc7ca5000-7c4fc7ca6000 rw-p 00000000 00:00 0 
7fff98eab000-7fff98ecd000 rw-p 00000000 00:00 0                          [stack]
Total number of mappings: 274


VM Arguments:
jvm_args: -Denv.class.path= -Dapplication.home=/home/wenjie/jeandle-jdk/build/linux-x86_64-server-fastdebug/jdk -Xms8m -Djdk.module.main=jdk.jlink 
java_command: jdk.jlink/jdk.tools.jmod.Main create --module-version 21.0.7-internal --target-platform linux-amd64 --module-path /home/wenjie/jeandle-jdk/build/linux-x86_64-server-fastdebug/support/interim-jmods --libs /home/wenjie/jeandle-jdk/build/linux-x86_64-server-fastdebug/support/modules_libs/java.base --cmds /home/wenjie/jeandle-jdk/build/linux-x86_64-server-fastdebug/support/modules_cmds/java.base --config /home/wenjie/jeandle-jdk/build/linux-x86_64-server-fastdebug/support/modules_conf/java.base --class-path /home/wenjie/jeandle-jdk/build/linux-x86_64-server-fastdebug/jdk/modules/java.base --header-files /home/wenjie/jeandle-jdk/build/linux-x86_64-server-fastdebug/support/modules_include/java.base --man-pages /home/wenjie/jeandle-jdk/build/linux-x86_64-server-fastdebug/support/modules_man/java.base --legal-notices /home/wenjie/jeandle-jdk/build/linux-x86_64-server-fastdebug/support/modules_legal/common:/home/wenjie/jeandle-jdk/build/linux-x86_64-server-fastdebug/support/modules_legal/java.base --exclude **{_the.*,_*.marker*,*.diz,*.debuginfo,*.dSYM/**,*.dSYM} --compress zip-0 --date 2026-06-20T05:08:31Z /home/wenjie/jeandle-jdk/build/linux-x86_64-server-fastdebug/support/interim-jmods/support/java.base.jmod
java_class_path (initial): <not set>
Launcher Type: SUN_STANDARD

[Global flags]
     intx CICompilerCount                          = 12                                        {product} {ergonomic}     Number of compiler threads to run
     uint ConcGCThreads                            = 3                                         {product} {ergonomic}     Number of threads concurrent gc will use
     uint G1ConcRefinementThreads                  = 13                                        {product} {ergonomic}     The number of parallel remembered set update threads. Will be set ergonomically by default.
   size_t G1HeapRegionSize                         = 2097152                                   {product} {ergonomic}     Size of the G1 regions.
    uintx GCDrainStackTargetSize                   = 64                                        {product} {ergonomic}     Number of entries we will try to leave on the stack during parallel gc
   size_t InitialHeapSize                          = 8388608                                   {product} {command line}  Initial heap size (in bytes); zero means use ergonomics
   size_t MarkStackSize                            = 4194304                                   {product} {ergonomic}     Size of marking stack
   size_t MaxHeapSize                              = 3319791616                                {product} {ergonomic}     Maximum heap size (in bytes)
   size_t MaxNewSize                               = 1990197248                                {product} {ergonomic}     Maximum new generation size (in bytes), max_uintx means set ergonomically
   size_t MinHeapDeltaBytes                        = 2097152                                   {product} {ergonomic}     The minimum change in heap space due to GC (in bytes)
   size_t MinHeapSize                              = 8388608                                   {product} {command line}  Minimum heap size (in bytes); zero means use ergonomics
    uintx NonNMethodCodeHeapSize                   = 7602480                                {pd product} {ergonomic}     Size of code heap with non-nmethods (in bytes)
    uintx NonProfiledCodeHeapSize                  = 122027880                              {pd product} {ergonomic}     Size of code heap with non-profiled methods (in bytes)
    uintx ProfiledCodeHeapSize                     = 122027880                              {pd product} {ergonomic}     Size of code heap with profiled methods (in bytes)
    uintx ReservedCodeCacheSize                    = 251658240                              {pd product} {ergonomic}     Reserved code cache size (in bytes) - maximum code cache size
     bool SegmentedCodeCache                       = true                                      {product} {ergonomic}     Use a segmented code cache
   size_t SoftMaxHeapSize                          = 3319791616                             {manageable} {ergonomic}     Soft limit for maximum heap size (in bytes)
     bool THPStackMitigation                       = false                                  {diagnostic} {ergonomic}     If THPs are unconditionally enabled on the system (mode "always"), the JVM will prevent THP from forming in thread stacks. When disabled, the absence of this mitigationallows THPs to form in thread stacks.
     bool UseCompressedOops                        = false                          {product lp64_product} {ergonomic}   Use 32-bit object references in 64-bit VM. lp64_product means flag is always constant in 32 bit VM
     bool UseG1GC                                  = true                                      {product} {ergonomic}     Use the Garbage-First garbage collector

Logging:
Log output configuration:
 #0: stdout all=warning uptime,level,tags foldmultilines=false
 #1: stderr all=off uptime,level,tags foldmultilines=false

Environment Variables:
CLASSPATH=
PATH=/usr/local/sbin:/usr/local/bin:/usr/sbin:/usr/bin:/sbin:/bin:/usr/games:/usr/local/games:/usr/lib/wsl/lib:/mnt/c/Program Files/WindowsApps/MicrosoftCorporationII.WindowsSubsystemForLinux_2.7.8.0_x64__8wekyb3d8bbwe:/mnt/c/WINDOWS/system32:/mnt/c/WINDOWS:/mnt/c/WINDOWS/System32/Wbem:/mnt/c/WINDOWS/System32/WindowsPowerShell/v1.0/:/mnt/c/WINDOWS/System32/OpenSSH/:/mnt/d/Program Files/Git/cmd:/mnt/c/Users/一人舛木/AppData/Local/Microsoft/WindowsApps:/mnt/d/Program Files/Microsoft VS Code/bin:/mnt/d/Program Files/jdk-21/bin:/snap/bin
SHELL=/bin/bash
DISPLAY=:0
HOSTTYPE=x86_64
LANG=C.UTF-8
LC_ALL=C
TERM=xterm-256color

Active Locale:
LC_ALL=C
LC_COLLATE=C
LC_CTYPE=C
LC_MESSAGES=C
LC_MONETARY=C
LC_NUMERIC=C
LC_TIME=C

Signal Handlers:
   SIGSEGV: crash_handler in libjvm.so, mask=11100100010111111101111111111110, flags=SA_RESTART|SA_SIGINFO, unblocked
    SIGBUS: crash_handler in libjvm.so, mask=11100100010111111101111111111110, flags=SA_RESTART|SA_SIGINFO, unblocked
    SIGFPE: crash_handler in libjvm.so, mask=11100100010111111101111111111110, flags=SA_RESTART|SA_SIGINFO, unblocked
   SIGPIPE: javaSignalHandler in libjvm.so, mask=11100100010111111101111111111110, flags=SA_RESTART|SA_SIGINFO, unblocked
   SIGXFSZ: javaSignalHandler in libjvm.so, mask=11100100010111111101111111111110, flags=SA_RESTART|SA_SIGINFO, unblocked
    SIGILL: crash_handler in libjvm.so, mask=11100100010111111101111111111110, flags=SA_RESTART|SA_SIGINFO, unblocked
   SIGUSR2: SR_handler in libjvm.so, mask=00000000000000000000000000000000, flags=SA_RESTART|SA_SIGINFO, unblocked
    SIGHUP: UserHandler in libjvm.so, mask=11100100010111111101111111111110, flags=SA_RESTART|SA_SIGINFO, unblocked
    SIGINT: UserHandler in libjvm.so, mask=11100100010111111101111111111110, flags=SA_RESTART|SA_SIGINFO, unblocked
   SIGTERM: UserHandler in libjvm.so, mask=11100100010111111101111111111110, flags=SA_RESTART|SA_SIGINFO, unblocked
   SIGQUIT: UserHandler in libjvm.so, mask=11100100010111111101111111111110, flags=SA_RESTART|SA_SIGINFO, blocked
   SIGTRAP: crash_handler in libjvm.so, mask=11100100010111111101111111111110, flags=SA_RESTART|SA_SIGINFO, unblocked


Native Memory Tracking:

(Omitting categories weighting less than 1KB)

Total: reserved=3734910KB, committed=156018KB
       malloc: 53190KB #93458
       mmap:   reserved=3681720KB, committed=102828KB

-                 Java Heap (reserved=3241984KB, committed=47104KB)
                            (mmap: reserved=3241984KB, committed=47104KB, at peak) 
 
-                     Class (reserved=249KB, committed=249KB)
                            (classes #1688)
                            (  instance classes #1502, array classes #186)
                            (malloc=249KB #4777) (at peak) 
                            (  Metadata:   )
                            (    reserved=65536KB, committed=11392KB)
                            (    used=11295KB)
                            (    waste=97KB =0.85%)
 
-                    Thread (reserved=29859KB, committed=1299KB)
                            (threads #29)
                            (stack: reserved=29776KB, committed=1216KB, peak=1216KB)
                            (malloc=60KB #179) (peak=67KB #177) 
                            (arena=22KB #46) (peak=267KB #44)
 
-                      Code (reserved=249123KB, committed=10215KB)
                            (malloc=1439KB #42223) (peak=1439KB #42227) 
                            (mmap: reserved=247684KB, committed=8776KB, at peak) 
                            (arena=0KB #0) (peak=1KB #1)
 
-                        GC (reserved=123989KB, committed=61589KB)
                            (malloc=27293KB #915) (peak=27320KB #1027) 
                            (mmap: reserved=96696KB, committed=34296KB, at peak) 
 
-                 GCCardSet (reserved=5KB, committed=5KB)
                            (malloc=5KB #72) (at peak) 
 
-                  Compiler (reserved=788KB, committed=788KB)
                            (malloc=33KB #143) (peak=47KB #147) 
                            (arena=755KB #21) (peak=5762KB #25)
 
-                  Internal (reserved=12897KB, committed=12897KB)
                            (malloc=12861KB #37495) (peak=12862KB #37496) 
                            (mmap: reserved=36KB, committed=36KB, at peak) 
 
-                     Other (reserved=35KB, committed=35KB)
                            (malloc=35KB #2) (at peak) 
 
-                    Symbol (reserved=4062KB, committed=4062KB)
                            (malloc=1081KB #4957) (at peak) 
                            (arena=2981KB #1) (at peak)
 
-    Native Memory Tracking (reserved=1469KB, committed=1469KB)
                            (malloc=8KB #80) (at peak) 
                            (tracking overhead=1460KB)
 
-               Arena Chunk (reserved=4644KB, committed=4644KB)
                            (malloc=4644KB #322) (peak=8523KB #324) 
 
-                 Arguments (reserved=0KB, committed=0KB)
                            (malloc=0KB #2) (peak=10KB #3) 
 
-                    Module (reserved=173KB, committed=173KB)
                            (malloc=173KB #1885) (at peak) 
 
-                 Safepoint (reserved=8KB, committed=8KB)
                            (mmap: reserved=8KB, committed=8KB, at peak) 
 
-           Synchronization (reserved=47KB, committed=47KB)
                            (malloc=47KB #353) (at peak) 
 
-            Serviceability (reserved=17KB, committed=17KB)
                            (malloc=17KB #9) (peak=17KB #13) 
 
-                 Metaspace (reserved=65560KB, committed=11416KB)
                            (malloc=24KB #24) (at peak) 
                            (mmap: reserved=65536KB, committed=11392KB, at peak) 
 
-      String Deduplication (reserved=1KB, committed=1KB)
                            (malloc=1KB #8) (at peak) 
 
-                   Unknown (reserved=0KB, committed=0KB)
                            (mmap: reserved=0KB, committed=0KB, peak=20KB) 
 
Preinit state:entries: 352 (primary: 342, empties: 7577), sum bytes: 16437, longest chain length: 2
pre-init mallocs: 367, pre-init reallocs: 3, pre-init frees: 15
MallocLimit: unset

Periodic native trim disabled

---------------  S Y S T E M  ---------------

OS:
DISTRIB_ID=Ubuntu
DISTRIB_RELEASE=20.04
DISTRIB_CODENAME=focal
DISTRIB_DESCRIPTION="Ubuntu 20.04.6 LTS"
uname: Linux RedmiBook16-2024 6.18.33.1-microsoft-standard-WSL2 #1 SMP PREEMPT_DYNAMIC Fri Jun  5 01:12:21 UTC 2026 x86_64
OS uptime: 0 days 0:52 hours
libc: glibc 2.31 NPTL 2.31 
rlimit (soft/hard): STACK 8192k/infinity , CORE 0k/infinity , NPROC 50595/50595 , NOFILE 1048576/1048576 , AS infinity/infinity , CPU infinity/infinity , DATA infinity/infinity , FSIZE infinity/infinity , MEMLOCK 65536k/65536k
load average: 3.47 4.23 3.02

/proc/meminfo:
MemTotal:       12963484 kB
MemFree:         1935656 kB
MemAvailable:    6857172 kB
Buffers:          123984 kB
Cached:          4940516 kB
SwapCached:       925904 kB
Active:          6400932 kB
Inactive:        3799240 kB
Active(anon):    2615012 kB
Inactive(anon):  2688044 kB
Active(file):    3785920 kB
Inactive(file):  1111196 kB
Unevictable:           0 kB
Mlocked:               0 kB
SwapTotal:       4194304 kB
SwapFree:        2401196 kB
Dirty:               560 kB
Writeback:             0 kB
AnonPages:       5111876 kB
Mapped:           508564 kB
Shmem:            167380 kB
KReclaimable:     246800 kB
Slab:             369628 kB
SReclaimable:     246800 kB
SUnreclaim:       122828 kB
KernelStack:       10816 kB
PageTables:        30640 kB
SecPageTables:         0 kB
NFS_Unstable:          0 kB
Bounce:                0 kB
WritebackTmp:          0 kB
CommitLimit:    10676044 kB
Committed_AS:    7325740 kB
VmallocTotal:   34359738367 kB
VmallocUsed:       80076 kB
VmallocChunk:          0 kB
Percpu:             6592 kB
HardwareCorrupted:     0 kB
AnonHugePages:         0 kB
ShmemHugePages:        0 kB
ShmemPmdMapped:        0 kB
FileHugePages:    798720 kB
FilePmdMapped:     18432 kB
Unaccepted:            0 kB
Balloon:               0 kB
HugePages_Total:       0
HugePages_Free:        0
HugePages_Rsvd:        0
HugePages_Surp:        0
Hugepagesize:       2048 kB
Hugetlb:               0 kB
DirectMap4k:       52224 kB
DirectMap2M:     5918720 kB
DirectMap1G:    15728640 kB

/sys/kernel/mm/transparent_hugepage/enabled: always [madvise] never
/sys/kernel/mm/transparent_hugepage/hpage_pmd_size: 2097152
/sys/kernel/mm/transparent_hugepage/defrag (defrag/compaction efforts parameter): always defer defer+madvise [madvise] never

Process Memory:
Virtual Size: 5890768K (peak: 5890768K)
Resident Set Size: 299552K (peak: 299552K) (anon: 130176K, file: 169376K, shmem: 0K)
Swapped out: 0K
C-Heap outstanding allocations: 59537K, retained: 2575K (may have wrapped)
glibc malloc tunables: (default)

/proc/sys/kernel/threads-max (system-wide limit on the number of threads): 101191
/proc/sys/vm/max_map_count (maximum number of memory map areas a process may have): 65530
/proc/sys/vm/swappiness (control to define how aggressively the kernel swaps out anonymous memory): 60
/proc/sys/kernel/pid_max (system-wide limit on number of process identifiers): 4194304

container information not found.
Hyper-V virtualization detected
Steal ticks since vm start: 0
Steal ticks percentage since vm start:  0.000

CPU: total 16 (initial active 16) (8 cores per cpu, 2 threads per core) family 6 model 186 stepping 2 microcode 0xffffffff, cx8, cmov, fxsr, ht, mmx, 3dnowpref, sse, sse2, sse3, ssse3, sse4.1, sse4.2, popcnt, lzcnt, tsc, tscinvbit, avx, avx2, aes, erms, clmul, bmi1, bmi2, adx, sha, fma, vzeroupper, clflush, clflushopt, clwb, hv, serialize, rdtscp, rdpid, fsrm, f16c, cet_ibt, cet_ss
CPU Model and flags from /proc/cpuinfo:
model name	: 13th Gen Intel(R) Core(TM) i5-13500H
flags		: fpu vme de pse tsc msr pae mce cx8 apic sep mtrr pge mca cmov pat pse36 clflush mmx fxsr sse sse2 ss ht syscall nx pdpe1gb rdtscp lm constant_tsc rep_good nopl xtopology tsc_reliable nonstop_tsc cpuid tsc_known_freq pni pclmulqdq vmx ssse3 fma cx16 pcid sse4_1 sse4_2 x2apic movbe popcnt tsc_deadline_timer aes xsave avx f16c rdrand hypervisor lahf_lm abm 3dnowprefetch ssbd ibrs ibpb stibp ibrs_enhanced tpr_shadow ept vpid ept_ad fsgsbase tsc_adjust bmi1 avx2 smep bmi2 erms invpcid rdseed adx smap clflushopt clwb sha_ni xsaveopt xsavec xgetbv1 xsaves avx_vnni vnmi umip waitpkg gfni vaes vpclmulqdq rdpid movdiri movdir64b fsrm md_clear serialize ibt flush_l1d arch_capabilities

Online cpus: 0-15
Offline cpus: 
cache level: 1
cache type: Data
cache size: 48K
cache coherency line size: 64
cache level: 1
cache type: Instruction
cache size: 32K
cache coherency line size: 64
cache level: 2
cache type: Unified
cache size: 1280K
cache coherency line size: 64
cache level: 3
cache type: Unified
cache size: 18432K
cache coherency line size: 64
BIOS frequency limitation: <Not Available>
Frequency switch latency (ns): <Not Available>
Available cpu frequencies: <Not Available>
Maximum cpu frequency: <Not Available>
Minimum cpu frequency: <Not Available>
Current cpu frequency: <Not Available>
Available governors: <Not Available>
Current governor: <Not Available>
Core performance/turbo boost: <Not Available>

Memory: 4k page, physical 12963484k(6857172k free), swap 4194304k(2401196k free)
Page Sizes: 4k

vm_info: OpenJDK 64-Bit Server VM (fastdebug 21.0.7-internal-adhoc.wenjie.jeandle-jdk) for linux-amd64 JRE (21.0.7-internal-adhoc.wenjie.jeandle-jdk), built on 2026-06-20T05:08:31Z by "wenjie" with gcc 9.4.0

END.
