#
# A fatal error has been detected by the Java Runtime Environment:
#
#  Internal Error (/home/wenjie/jeandle-jdk/src/hotspot/share/jeandle/jeandleCompilation.cpp:339), pid=298570, tid=298591
#  fatal error: Compilation failed in 'jdk.internal.util.ArraysSupport.signedHashCode(I[BII)I': module verify failed in Jeandle compilation
#
# JRE version: OpenJDK Runtime Environment (21.0.7) (fastdebug build 21.0.7-internal-adhoc.wenjie.jeandle-jdk)
# Java VM: OpenJDK 64-Bit Server VM (fastdebug 21.0.7-internal-adhoc.wenjie.jeandle-jdk, mixed mode, tiered, g1 gc, linux-amd64)
# Problematic frame:
# V  [libjvm.so+0xf31606]  JeandleCompilation::compile_java_method()+0x526
#
# Core dump will be written. Default location: Core dumps may be processed with "/wsl-capture-crash %t %E %p %s" (or dumping to /home/wenjie/jeandle-jdk/make/core.298570)
#
# If you would like to submit a bug report, please visit:
#   https://bugreport.java.com/bugreport/crash.jsp
#

---------------  S U M M A R Y ------------

Command Line: -Denv.class.path= -Dapplication.home=/home/wenjie/jeandle-jdk/build/linux-x86_64-server-fastdebug/jdk -Xms8m -Djdk.module.main=jdk.jlink jdk.jlink/jdk.tools.jmod.Main create --module-version 21.0.7-internal --target-platform linux-amd64 --module-path /home/wenjie/jeandle-jdk/build/linux-x86_64-server-fastdebug/support/interim-jmods --libs /home/wenjie/jeandle-jdk/build/linux-x86_64-server-fastdebug/support/modules_libs/java.base --cmds /home/wenjie/jeandle-jdk/build/linux-x86_64-server-fastdebug/support/modules_cmds/java.base --config /home/wenjie/jeandle-jdk/build/linux-x86_64-server-fastdebug/support/modules_conf/java.base --class-path /home/wenjie/jeandle-jdk/build/linux-x86_64-server-fastdebug/jdk/modules/java.base --header-files /home/wenjie/jeandle-jdk/build/linux-x86_64-server-fastdebug/support/modules_include/java.base --man-pages /home/wenjie/jeandle-jdk/build/linux-x86_64-server-fastdebug/support/modules_man/java.base --legal-notices /home/wenjie/jeandle-jdk/build/linux-x86_64-server-fastdebug/support/modules_legal/common:/home/wenjie/jeandle-jdk/build/linux-x86_64-server-fastdebug/support/modules_legal/java.base --exclude **{_the.*,_*.marker*,*.diz,*.debuginfo,*.dSYM/**,*.dSYM} --compress zip-0 --date 2026-06-20T05:08:31Z /home/wenjie/jeandle-jdk/build/linux-x86_64-server-fastdebug/support/interim-jmods/support/java.base.jmod

Host: RedmiBook16-2024, 13th Gen Intel(R) Core(TM) i5-13500H, 16 cores, 12G, Ubuntu 20.04.6 LTS
Time: Sun Jun 21 14:44:44 2026 CST elapsed time: 0.801089 seconds (0d 0h 0m 0s)

---------------  T H R E A D  ---------------

Current thread (0x000070deb8116fb0):  JavaThread "Jeandle CompilerThread1" daemon [_thread_in_native, id=298591, stack(0x000070dee6eef000,0x000070dee6ff0000) (1028K)]


Current CompileTask:
Jeandle:801  178       4       jdk.internal.util.ArraysSupport::signedHashCode (37 bytes)

Stack: [0x000070dee6eef000,0x000070dee6ff0000],  sp=0x000070dee6fedbb0,  free space=1018k
Native frames: (J=compiled Java code, j=interpreted, Vv=VM code, C=native code)
V  [libjvm.so+0xf31606]  JeandleCompilation::compile_java_method()+0x526  (jeandleCompilation.cpp:339)
V  [libjvm.so+0xf32070]  JeandleCompilation::JeandleCompilation(llvm::TargetMachine*, llvm::DataLayout*, ciEnv*, ciMethod*, int, bool, llvm::MemoryBuffer*)+0x5d0  (jeandleCompilation.cpp:153)
V  [libjvm.so+0xf3c2ba]  JeandleCompiler::compile_method(ciEnv*, ciMethod*, int, bool, DirectiveSet*)+0xba  (jeandleCompiler.cpp:139)
V  [libjvm.so+0xa46ba0]  CompileBroker::invoke_compiler_on_method(CompileTask*)+0x970  (compileBroker.cpp:2311)
V  [libjvm.so+0xa478a0]  CompileBroker::compiler_thread_loop()+0x4f0  (compileBroker.cpp:1990)
V  [libjvm.so+0xefd2e2]  JavaThread::thread_main_inner()+0x272  (javaThread.cpp:717)
V  [libjvm.so+0x198c411]  Thread::call_run()+0xe1  (thread.cpp:221)
V  [libjvm.so+0x156b122]  thread_native_entry(Thread*)+0x112  (os_linux.cpp:791)
Registers:
RAX=0x000070dfe508c000, RBX=0x000070deb8116fb0, RCX=0x0000000000000007, RDX=0x000070dfe47d5cf0
RSP=0x000070dee6fedbb0, RBP=0x000070dee6fede90, RSI=0x000070deb0036cc0, RDI=0x000070deb8116fb0
R8 =0x0000000000000006, R9 =0x000070df00000000, R10=0x000070deb00008d0, R11=0x000070deb0000080
R12=0x000070dee6fedfa0, R13=0x000070dee6fedc00, R14=0x000070dee6fedc60, R15=0x000070dee6fee0a0
RIP=0x000070dfe3931606, EFLAGS=0x0000000000010202, CSGSFS=0x002b000000000033, ERR=0x0000000000000006
  TRAPNO=0x000000000000000e

XMM[0]=0x0000000000000000 0x0000000000000000
XMM[1]=0x0000000000000000 0x000070deb0000080
XMM[2]=0xffffffffffffffff 0x0000000000ff0000
XMM[3]=0x0000000000000000 0x000070deb00006c0
XMM[4]=0x000070deb0012068 0x000070deb0011000
XMM[5]=0x0000000000000000 0x000070deb0000080
XMM[6]=0x000070deb0011fa8 0x000070deb000de00
XMM[7]=0x000070deb001dc90 0x000070deb000dd30
XMM[8]=0x2520097825783020 0x3a643325202d2000
XMM[9]=0x0000000000000000 0x0000000000000000
XMM[10]=0xcacaca6115190415 0x0f0e220d0e13150f
XMM[11]=0x0000000000000000 0x0000000000000000
XMM[12]=0x0000000000000000 0x0000000000000000
XMM[13]=0x0000000000000000 0x0000000000000000
XMM[14]=0x0000000000000000 0x0000000000000000
XMM[15]=0xcafebabecafebabe 0xcafebabecafebabe
  MXCSR=0x00001fa2


Register to memory mapping:

RAX=0x000070dfe508c000 in mmap'd memory region [0x000070dfe508c000 - 0x000070dfe508d000], tag mtInternal
RBX=0x000070deb8116fb0 is a thread
RCX=0x0000000000000007 is an unknown value
RDX=0x000070dfe47d5cf0: <offset 0x0000000001dd5cf0> in /home/wenjie/jeandle-jdk/build/linux-x86_64-server-fastdebug/jdk/lib/server/libjvm.so at 0x000070dfe2a00000
RSP=0x000070dee6fedbb0 is pointing into the stack for thread: 0x000070deb8116fb0
RBP=0x000070dee6fede90 is pointing into the stack for thread: 0x000070deb8116fb0
RSI=0x000070deb0036cc0 points into unknown readable memory: 0x000070deb00301c0 | c0 01 03 b0 de 70 00 00
RDI=0x000070deb8116fb0 is a thread
R8 =0x0000000000000006 is an unknown value
R9 =0x000070df00000000 is an unallocated location in the heap
R10=0x000070deb00008d0 points into unknown readable memory: 0x0001000100010001 | 01 00 01 00 01 00 01 00
R11=0x000070deb0000080 points into unknown readable memory: 0x000070deb0055ba0 | a0 5b 05 b0 de 70 00 00
R12=0x000070dee6fedfa0 is pointing into the stack for thread: 0x000070deb8116fb0
R13=0x000070dee6fedc00 is pointing into the stack for thread: 0x000070deb8116fb0
R14=0x000070dee6fedc60 is pointing into the stack for thread: 0x000070deb8116fb0
R15=0x000070dee6fee0a0 is pointing into the stack for thread: 0x000070deb8116fb0

Top of Stack: (sp=0x000070dee6fedbb0)
0x000070dee6fedbb0:   000070dee6fedbd0 000070dfd8758a72
0x000070dee6fedbc0:   0000000000000000 000070deb000e130
0x000070dee6fedbd0:   000070dee6fedbf0 000070dfd8754f74
0x000070dee6fedbe0:   000070deb000e130 000070dee6fedc20
0x000070dee6fedbf0:   000070dee6fedc40 000070dfd89c0d4d
0x000070dee6fedc00:   000070deb0020000 0000000000000000
0x000070dee6fedc10:   000070deb000d608 000070deb000d600
0x000070dee6fedc20:   000070deb000e130 000070dfe47d5e0e
0x000070dee6fedc30:   0000000000000000 000070de00000001
0x000070dee6fedc40:   000070dee6fedc70 000070dfd830e875
0x000070dee6fedc50:   0000000000000011 000070dfdddf5ae8
0x000070dee6fedc60:   000070deb0020890 0000000000000036
0x000070dee6fedc70:   0000000000000036 000070deb0001130
0x000070dee6fedc80:   000070dfd0331e80 000070dfd0331df0
0x000070dee6fedc90:   000070dfd0332223 0000000000000000
0x000070dee6fedca0:   000070dee6fedcf0 000070dfd0332200
0x000070dee6fedcb0:   000070dfd0332225 000070dfd0332224
0x000070dee6fedcc0:   0000001a0000001a 000070deb000d5c0
0x000070dee6fedcd0:   000070dee6fee0a0 000070dfd0349de8
0x000070dee6fedce0:   000070dee6fedcf0 0000000200000000
0x000070dee6fedcf0:   000070dfdddf5ae8 0000000000000011
0x000070dee6fedd00:   000070deb40ac010 000070dee6fedfa0
0x000070dee6fedd10:   0000000000000000 000070deb0025850
0x000070dee6fedd20:   000070deb0025880 000070dee6fe0000
0x000070dee6fedd30:   000070deb0001130 000070dee6fedd68
0x000070dee6fedd40:   000070dee6fedd70 0000000000000000
0x000070dee6fedd50:   0007020000000000 0000000000000000
0x000070dee6fedd60:   0000000000000000 000070dfe27f3198
0x000070dee6fedd70:   000070dfe27a5b78 000070df00000000
0x000070dee6fedd80:   0000000000000001 0000000000000000
0x000070dee6fedd90:   0000000000000000 0000000000000000
0x000070dee6fedda0:   000070dfd034a118 000070dfd034a6c0 

Instructions: (pc=0x000070dfe3931606)
0x000070dfe3931506:   fd ff ff 0f 1f 80 00 00 00 00 66 48 8d 3d b0 b9
0x000070dfe3931516:   3a 01 66 66 48 e8 60 0a 3e ff 48 8b 18 48 85 db
0x000070dfe3931526:   0f 84 0c 05 00 00 48 8b 03 48 89 df ff 50 40 84
0x000070dfe3931536:   c0 75 47 48 8d 05 24 b7 42 01 44 8b 18 45 85 db
0x000070dfe3931546:   7f 38 48 8d 05 61 0a 3b 01 48 8d 0d e4 bb da 00
0x000070dfe3931556:   48 8d 15 a3 ba da 00 be ce 03 00 00 48 8d 3d bf
0x000070dfe3931566:   ba da 00 48 8b 00 c6 00 58 31 c0 e8 ca 59 bb ff
0x000070dfe3931576:   66 2e 0f 1f 84 00 00 00 00 00 48 8b 03 48 89 df
0x000070dfe3931586:   ff 50 48 84 c0 75 43 48 8d 05 d0 b6 42 01 44 8b
0x000070dfe3931596:   10 45 85 d2 7f 34 48 8d 05 0d 0a 3b 01 48 8d 0d
0x000070dfe39315a6:   e6 c8 da 00 48 8d 15 07 c9 da 00 be 40 00 00 00
0x000070dfe39315b6:   48 8d 3d 23 c9 da 00 48 8b 00 c6 00 58 31 c0 e8
0x000070dfe39315c6:   76 59 bb ff 66 0f 1f 44 00 00 48 8b 83 70 07 00
0x000070dfe39315d6:   00 48 8b 80 80 00 00 00 48 83 b8 a8 04 00 00 00
0x000070dfe39315e6:   0f 84 64 04 00 00 48 8d 05 a7 21 3b 01 80 38 00
0x000070dfe39315f6:   0f 84 aa fc ff ff 48 8d 05 ad 09 3b 01 48 8b 00
0x000070dfe3931606:   c6 00 58 e8 a2 84 55 ff 48 8d 95 e0 fd ff ff 4c
0x000070dfe3931616:   89 f7 48 8b 80 70 07 00 00 48 8b 80 80 00 00 00
0x000070dfe3931626:   48 89 95 d0 fd ff ff 48 8b 70 28 48 8b 50 30 48
0x000070dfe3931636:   01 f2 e8 53 74 ff ff 4c 8b 85 d0 fd ff ff ba 53
0x000070dfe3931646:   01 00 00 31 c0 4c 8d 0d 9e 46 ea 00 48 8d 0d 9f
0x000070dfe3931656:   ff e9 00 bf 00 00 00 e0 48 8d 35 a3 43 ea 00 e8
0x000070dfe3931666:   b6 5a bb ff 66 0f 1f 44 00 00 66 48 8d 3d 50 b8
0x000070dfe3931676:   3a 01 66 66 48 e8 00 09 3e ff 48 8b 18 48 85 db
0x000070dfe3931686:   0f 84 f4 00 00 00 48 8b 03 48 89 df ff 50 40 84
0x000070dfe3931696:   c0 75 13 48 8d 05 c4 b5 42 01 44 8b 00 45 85 c0
0x000070dfe39316a6:   0f 8e 9c fe ff ff 48 8b 03 48 89 df ff 50 48 84
0x000070dfe39316b6:   c0 75 11 48 8d 05 a4 b5 42 01 8b 38 85 ff 0f 8e
0x000070dfe39316c6:   d2 fe ff ff 48 8b 83 70 07 00 00 48 8b 80 80 00
0x000070dfe39316d6:   00 00 48 83 b8 a8 04 00 00 00 0f 84 e2 00 00 00
0x000070dfe39316e6:   48 8d 05 ad 20 3b 01 80 38 00 0f 84 ee fd ff ff
0x000070dfe39316f6:   48 8d 05 b3 08 3b 01 48 8b 00 c6 00 58 e8 a8 83 


Stack slot to memory mapping:

stack at sp + 0 slots: 0x000070dee6fedbd0 is pointing into the stack for thread: 0x000070deb8116fb0
stack at sp + 1 slots: 0x000070dfd8758a72: <offset 0x0000000003958a72> in /home/wenjie/build-jeandle/jeandle-llvm-install/lib/libLLVM.so.22.0git at 0x000070dfd4e00000
stack at sp + 2 slots: 0x0 is null
stack at sp + 3 slots: 0x000070deb000e130 points into unknown readable memory: 0x000070deb002a1e0 | e0 a1 02 b0 de 70 00 00
stack at sp + 4 slots: 0x000070dee6fedbf0 is pointing into the stack for thread: 0x000070deb8116fb0
stack at sp + 5 slots: 0x000070dfd8754f74: <offset 0x0000000003954f74> in /home/wenjie/build-jeandle/jeandle-llvm-install/lib/libLLVM.so.22.0git at 0x000070dfd4e00000
stack at sp + 6 slots: 0x000070deb000e130 points into unknown readable memory: 0x000070deb002a1e0 | e0 a1 02 b0 de 70 00 00
stack at sp + 7 slots: 0x000070dee6fedc20 is pointing into the stack for thread: 0x000070deb8116fb0


---------------  P R O C E S S  ---------------

uid  : 1000 euid : 1000 gid  : 1000 egid : 1000

umask: 0022 (----w--w-)

Threads class SMR info:
_java_thread_list=0x000070dfd045ac20, length=20, elements={
0x000070dfd002d400, 0x000070dfd0295210, 0x000070dfd0296a70, 0x000070dfd0298550,
0x000070dfd02a2020, 0x000070dfd02a3780, 0x000070dfd02a8f40, 0x000070dfd02b2e70,
0x000070dfd02f06b0, 0x000070deb8116fb0, 0x000070deb8118490, 0x000070deb8119e00,
0x000070deb811b780, 0x000070dea408fca0, 0x000070dea8080bf0, 0x000070deb81b3690,
0x000070deb81b7730, 0x000070de9c093890, 0x000070de9c0b93b0, 0x000070dfd045aed0
}
_java_thread_list_alloc_cnt=21, _java_thread_list_free_cnt=19, _java_thread_list_max=20, _nested_thread_list_max=0
_tlh_cnt=347, _tlh_times=160, avg_tlh_time=0.46, _tlh_time_max=159
_delete_lock_wait_cnt=0, _delete_lock_wait_max=0
_to_delete_list_cnt=0, _to_delete_list_max=1

Java Threads: ( => current thread )
  0x000070dfd002d400 JavaThread "main"                              [_thread_in_native, id=298575, stack(0x000070dfd49ce000,0x000070dfd4acf000) (1028K)]
  0x000070dfd0295210 JavaThread "Reference Handler"          daemon [_thread_blocked, id=298583, stack(0x000070dee76f7000,0x000070dee77f8000) (1028K)]
  0x000070dfd0296a70 JavaThread "Finalizer"                  daemon [_thread_blocked, id=298584, stack(0x000070dee75f6000,0x000070dee76f7000) (1028K)]
  0x000070dfd0298550 JavaThread "Signal Dispatcher"          daemon [_thread_blocked, id=298585, stack(0x000070dee74f5000,0x000070dee75f6000) (1028K)]
  0x000070dfd02a2020 JavaThread "Service Thread"             daemon [_thread_blocked, id=298586, stack(0x000070dee73f4000,0x000070dee74f5000) (1028K)]
  0x000070dfd02a3780 JavaThread "Monitor Deflation Thread"   daemon [_thread_blocked, id=298587, stack(0x000070dee72f3000,0x000070dee73f4000) (1028K)]
  0x000070dfd02a8f40 JavaThread "Jeandle CompilerThread0"    daemon [_thread_in_native, id=298588, stack(0x000070dee71f2000,0x000070dee72f3000) (1028K)]
  0x000070dfd02b2e70 JavaThread "C1 CompilerThread0"         daemon [_thread_blocked, id=298589, stack(0x000070dee70f1000,0x000070dee71f2000) (1028K)]
  0x000070dfd02f06b0 JavaThread "Common-Cleaner"             daemon [_thread_blocked, id=298590, stack(0x000070dee6ff0000,0x000070dee70f1000) (1028K)]
=>0x000070deb8116fb0 JavaThread "Jeandle CompilerThread1"    daemon [_thread_in_native, id=298591, stack(0x000070dee6eef000,0x000070dee6ff0000) (1028K)]
  0x000070deb8118490 JavaThread "C1 CompilerThread1"         daemon [_thread_blocked, id=298592, stack(0x000070dee6dee000,0x000070dee6eef000) (1028K)]
  0x000070deb8119e00 JavaThread "C1 CompilerThread2"         daemon [_thread_blocked, id=298593, stack(0x000070dee6ced000,0x000070dee6dee000) (1028K)]
  0x000070deb811b780 JavaThread "C1 CompilerThread3"         daemon [_thread_blocked, id=298594, stack(0x000070dee6bec000,0x000070dee6ced000) (1028K)]
  0x000070dea408fca0 JavaThread "Jeandle CompilerThread2"    daemon [_thread_in_native, id=298595, stack(0x000070dee6aeb000,0x000070dee6bec000) (1028K)]
  0x000070dea8080bf0 JavaThread "Jeandle CompilerThread3"    daemon [_thread_in_native, id=298597, stack(0x000070dee66f3000,0x000070dee67f4000) (1028K)]
  0x000070deb81b3690 JavaThread "Jeandle CompilerThread4"    daemon [_thread_in_native, id=298598, stack(0x000070dee6242000,0x000070dee6343000) (1028K)]
  0x000070deb81b7730 JavaThread "Jeandle CompilerThread5"    daemon [_thread_in_native, id=298599, stack(0x000070dee6141000,0x000070dee6242000) (1028K)]
  0x000070de9c093890 JavaThread "Jeandle CompilerThread6"    daemon [_thread_in_native, id=298600, stack(0x000070dee6040000,0x000070dee6141000) (1028K)]
  0x000070de9c0b93b0 JavaThread "Jeandle CompilerThread7"    daemon [_thread_in_native, id=298601, stack(0x000070dee5f3f000,0x000070dee6040000) (1028K)]
  0x000070dfd045aed0 JavaThread "Notification Thread"        daemon [_thread_blocked, id=298602, stack(0x000070dee5e3e000,0x000070dee5f3f000) (1028K)]
Total: 20

Other Threads:
  0x000070dfd0221790 VMThread "VM Thread"                           [id=298582, stack(0x000070dee77f9000,0x000070dee78f9000) (1024K)]
  0x000070dfd00e9710 WatcherThread "VM Periodic Task Thread"        [id=298581, stack(0x000070dee78fa000,0x000070dee79fa000) (1024K)]
  0x000070dfd008aef0 WorkerThread "GC Thread#0"                     [id=298576, stack(0x000070dfc08fa000,0x000070dfc09fa000) (1024K)]
  0x000070decc009f80 WorkerThread "GC Thread#1"                     [id=298596, stack(0x000070dee69eb000,0x000070dee6aeb000) (1024K)]
  0x000070decc0101b0 WorkerThread "GC Thread#2"                     [id=298603, stack(0x000070dee5d3e000,0x000070dee5e3e000) (1024K)]
  0x000070dfd0098f20 ConcurrentGCThread "G1 Main Marker"            [id=298577, stack(0x000070def6b2a000,0x000070def6c2a000) (1024K)]
  0x000070dfd009a170 WorkerThread "G1 Conc#0"                       [id=298578, stack(0x000070def6a29000,0x000070def6b29000) (1024K)]
  0x000070dfd00d7ae0 ConcurrentGCThread "G1 Refine#0"               [id=298579, stack(0x000070dee7afc000,0x000070dee7bfc000) (1024K)]
  0x000070dfd00d8d30 ConcurrentGCThread "G1 Service"                [id=298580, stack(0x000070dee79fb000,0x000070dee7afb000) (1024K)]
Total: 9

Threads with active compile tasks:
Jeandle CompilerThread0  2627  106       4       java.lang.String::checkIndex (10 bytes)
Jeandle CompilerThread1  2627  178       4       jdk.internal.util.ArraysSupport::signedHashCode (37 bytes)
Jeandle CompilerThread2  2627   68       4       java.lang.String::isLatin1 (19 bytes)
Jeandle CompilerThread3  2627  254       4       java.lang.StringLatin1::replace (198 bytes)
Jeandle CompilerThread4  2627  277       4       java.io.DataInputStream::readUTF (501 bytes)
Jeandle CompilerThread5  2627  290       4       java.io.DataInputStream::readFully (59 bytes)
Jeandle CompilerThread6  2627  278       4       java.lang.StringUTF16::compress (50 bytes)
Jeandle CompilerThread7  2627  358       4       java.lang.StringLatin1::equals (36 bytes)
Total: 8

VM state: not at safepoint (normal execution)

VM Mutex/Monitor currently owned by a thread: None

GC Precious Log:
 CardTable entry size: 512
 Card Set container configuration: InlinePtr #cards 4 size 8 Array Of Cards #cards 16 size 48 Howl #buckets 8 coarsen threshold 3686 Howl Bitmap #cards 512 size 80 coarsen threshold 460 Card regions per heap region 1 cards per card region 4096
 CPUs: 16 total, 16 available
 Memory: 12659M
 Large Page Support: Disabled
 NUMA Support: Disabled
 Compressed Oops: Disabled
 Heap Region Size: 2M
 Heap Min Capacity: 8M
 Heap Initial Capacity: 8M
 Heap Max Capacity: 3166M
 Pre-touch: Disabled
 Parallel Workers: 13
 Concurrent Workers: 3
 Concurrent Refinement Workers: 13
 Periodic GC: Disabled

Heap:
 garbage-first heap   total 40960K, used 21884K [0x000070defaa00000, 0x000070dfc0800000)
  region size 2048K, 12 young (24576K), 2 survivors (4096K)
 Metaspace       used 11292K, committed 11392K, reserved 65536K

Heap Regions: E=young(eden), S=young(survivor), O=old, HS=humongous(starts), HC=humongous(continues), CS=collection set, F=free, TAMS=top-at-mark-start, PB=parsable bottom
|   0|0x000070defaa00000, 0x000070defaa9d9d0, 0x000070defac00000| 30%| O|  |TAMS 0x000070defaa00000| PB 0x000070defaa00000| Untracked 
|   1|0x000070defac00000, 0x000070defac00000, 0x000070defae00000|  0%| F|  |TAMS 0x000070defac00000| PB 0x000070defac00000| Untracked 
|   2|0x000070defae00000, 0x000070defae00000, 0x000070defb000000|  0%| F|  |TAMS 0x000070defae00000| PB 0x000070defae00000| Untracked 
|   3|0x000070defb000000, 0x000070defb000000, 0x000070defb200000|  0%| F|  |TAMS 0x000070defb000000| PB 0x000070defb000000| Untracked 
|   4|0x000070defb200000, 0x000070defb200000, 0x000070defb400000|  0%| F|  |TAMS 0x000070defb200000| PB 0x000070defb200000| Untracked 
|   5|0x000070defb400000, 0x000070defb400000, 0x000070defb600000|  0%| F|  |TAMS 0x000070defb400000| PB 0x000070defb400000| Untracked 
|   6|0x000070defb600000, 0x000070defb600000, 0x000070defb800000|  0%| F|  |TAMS 0x000070defb600000| PB 0x000070defb600000| Untracked 
|   7|0x000070defb800000, 0x000070defb8c19c0, 0x000070defba00000| 37%| S|CS|TAMS 0x000070defb800000| PB 0x000070defb800000| Complete 
|   8|0x000070defba00000, 0x000070defbc00000, 0x000070defbc00000|100%| S|CS|TAMS 0x000070defba00000| PB 0x000070defba00000| Complete 
|   9|0x000070defbc00000, 0x000070defbc00000, 0x000070defbe00000|  0%| F|  |TAMS 0x000070defbc00000| PB 0x000070defbc00000| Untracked 
|  10|0x000070defbe00000, 0x000070defbe65498, 0x000070defc000000| 19%| E|  |TAMS 0x000070defbe00000| PB 0x000070defbe00000| Complete 
|  11|0x000070defc000000, 0x000070defc200000, 0x000070defc200000|100%| E|CS|TAMS 0x000070defc000000| PB 0x000070defc000000| Complete 
|  12|0x000070defc200000, 0x000070defc400000, 0x000070defc400000|100%| E|CS|TAMS 0x000070defc200000| PB 0x000070defc200000| Complete 
|  13|0x000070defc400000, 0x000070defc600000, 0x000070defc600000|100%| E|CS|TAMS 0x000070defc400000| PB 0x000070defc400000| Complete 
|  14|0x000070defc600000, 0x000070defc800000, 0x000070defc800000|100%| E|CS|TAMS 0x000070defc600000| PB 0x000070defc600000| Complete 
|  15|0x000070defc800000, 0x000070defca00000, 0x000070defca00000|100%| E|CS|TAMS 0x000070defc800000| PB 0x000070defc800000| Complete 
|  16|0x000070defca00000, 0x000070defcc00000, 0x000070defcc00000|100%| E|CS|TAMS 0x000070defca00000| PB 0x000070defca00000| Complete 
|  17|0x000070defcc00000, 0x000070defce00000, 0x000070defce00000|100%| E|CS|TAMS 0x000070defcc00000| PB 0x000070defcc00000| Complete 
|  18|0x000070defce00000, 0x000070defd000000, 0x000070defd000000|100%| E|CS|TAMS 0x000070defce00000| PB 0x000070defce00000| Complete 
|  19|0x000070defd000000, 0x000070defd200000, 0x000070defd200000|100%| E|CS|TAMS 0x000070defd000000| PB 0x000070defd000000| Complete 

Card table byte_map: [0x000070def9da2000,0x000070defa3d1000] _byte_map_base: 0x000070a68a5cd000

Marking Bits: (CMBitMap*) 0x000070dfd008bc40
 Bits: [0x000070def6c2a000, 0x000070def9da2000)

Polling page: 0x000070dfe5042000

Metaspace:

Usage:
   11.03 MB used.

Virtual space:
     64.00 MB reserved,      11.12 MB ( 17%) committed,  1 nodes.

Chunk freelists:
4.86 MB

MaxMetaspaceSize: unlimited
No class space
Initial GC threshold: 21.00 MB
Current GC threshold: 21.00 MB
CDS: off
 - commit_granule_bytes: 65536.
 - commit_granule_words: 8192.
 - virtual_space_node_default_size: 8388608.
 - enlarge_chunks_in_place: 1.
 - use_allocation_guard: 0.


Internal statistics:

num_allocs: 71966.
num_deallocs: 86.
num_allocs_from_deallocated_blocks: 330.
num_chunks_retired: 64.
num_allocs_failed_limit: 0.
num_arena_births: 146.
num_arena_deaths: 0.
num_vsnodes_births: 1.
num_vsnodes_deaths: 0.
num_space_committed: 178.
num_space_uncommitted: 0.
num_chunks_returned_to_freelist: 0.
num_chunks_taken_from_freelist: 210.
num_chunk_merges: 0.
num_chunk_splits: 165.
num_chunks_enlarged: 276.
num_inconsistent_stats: 0.

CodeHeap 'non-profiled nmethods': size=119168Kb used=195Kb max_used=195Kb free=118972Kb
 bounds [0x000070dfc8ba0000, 0x000070dfc8e10000, 0x000070dfd0000000]
CodeHeap 'profiled nmethods': size=119164Kb used=2047Kb max_used=2047Kb free=117116Kb
 bounds [0x000070dfc1000000, 0x000070dfc1270000, 0x000070dfc845f000]
CodeHeap 'non-nmethods': size=7428Kb used=3650Kb max_used=3650Kb free=3777Kb
 bounds [0x000070dfc845f000, 0x000070dfc87ff000, 0x000070dfc8ba0000]
 total_blobs=1856 nmethods=1045 adapters=727
 compilation: enabled
              stopped_count=0, restarted_count=0
 full_count=0

Compilation events (20 events):
Event: 0.787 Thread 0x000070deb8118490  236       3       java.lang.ThreadLocal::getMap (5 bytes)
Event: 0.787 Thread 0x000070deb8118490 nmethod 236 0x000070dfc1066d10 code [0x000070dfc1066ec0, 0x000070dfc1066ff8]
Event: 0.788 Thread 0x000070deb8118490  237       3       jdk.internal.misc.CarrierThreadLocal::get (10 bytes)
Event: 0.788 Thread 0x000070dfd02b2e70  239       3       java.lang.ThreadLocal::getCarrierThreadLocal (29 bytes)
Event: 0.788 Thread 0x000070deb811b780  238       3       java.lang.System$2::getCarrierThreadLocal (5 bytes)
Event: 0.788 Thread 0x000070deb8119e00  240       3       java.lang.ThreadLocal::get (35 bytes)
Event: 0.788 Thread 0x000070dfd02b2e70 nmethod 239 0x000070dfc1067110 code [0x000070dfc10672c0, 0x000070dfc1067438]
Event: 0.788 Thread 0x000070deb811b780 nmethod 238 0x000070dfc1067510 code [0x000070dfc10676e0, 0x000070dfc1067948]
Event: 0.788 Thread 0x000070deb811b780  241       3       java.lang.ThreadLocal$ThreadLocalMap::getEntry (42 bytes)
Event: 0.788 Thread 0x000070deb8118490 nmethod 237 0x000070dfc1067a90 code [0x000070dfc1067c60, 0x000070dfc1067f18]
Event: 0.788 Thread 0x000070deb8119e00 nmethod 240 0x000070dfc1068090 code [0x000070dfc10682a0, 0x000070dfc10685e0]
Event: 0.788 Thread 0x000070deb8119e00  242       3       java.lang.ref.Reference::refersTo (6 bytes)
Event: 0.789 Thread 0x000070dfd02b2e70  243       3       java.lang.ref.Reference::refersToImpl (6 bytes)
Event: 0.789 Thread 0x000070deb8118490  244       3       jdk.internal.misc.Unsafe::checkPrimitivePointer (19 bytes)
Event: 0.789 Thread 0x000070deb8119e00 nmethod 242 0x000070dfc1068810 code [0x000070dfc10689c0, 0x000070dfc1068b90]
Event: 0.789 Thread 0x000070deb8119e00  245       3       jdk.internal.misc.Unsafe::checkPointer (19 bytes)
Event: 0.789 Thread 0x000070dfd02b2e70 nmethod 243 0x000070dfc1068c90 code [0x000070dfc1068e40, 0x000070dfc1068f88]
Event: 0.789 Thread 0x000070dfd02b2e70  247       3       java.util.Collections$UnmodifiableCollection$1::hasNext (10 bytes)
Event: 0.789 Thread 0x000070deb811b780 nmethod 241 0x000070dfc1069090 code [0x000070dfc10692a0, 0x000070dfc10696b0]
Event: 0.789 Thread 0x000070dfd02b2e70 nmethod 247 0x000070dfc1069990 code [0x000070dfc1069b60, 0x000070dfc1069d58]

GC Heap History (2 events):
Event: 0.775 GC heap before
{Heap before GC invocations=0 (full 0):
 garbage-first heap   total 8192K, used 2048K [0x000070defaa00000, 0x000070dfc0800000)
  region size 2048K, 1 young (2048K), 0 survivors (0K)
 Metaspace       used 6089K, committed 6144K, reserved 65536K
}
Event: 0.779 GC heap after
{Heap after GC invocations=1 (full 0):
 garbage-first heap   total 8192K, used 832K [0x000070defaa00000, 0x000070dfc0800000)
  region size 2048K, 1 young (2048K), 1 survivors (2048K)
 Metaspace       used 6089K, committed 6144K, reserved 65536K
}

Dll operation events (3 events):
Event: 0.178 Loaded shared library /home/wenjie/jeandle-jdk/build/linux-x86_64-server-fastdebug/jdk/lib/libjava.so
Event: 0.396 Loaded shared library /home/wenjie/jeandle-jdk/build/linux-x86_64-server-fastdebug/jdk/lib/libnio.so
Event: 0.532 Loaded shared library /home/wenjie/jeandle-jdk/build/linux-x86_64-server-fastdebug/jdk/lib/libnet.so

Deoptimization events (0 events):
No events

Classes loaded (20 events):
Event: 0.578 Loading class java/util/HashMap$Values
Event: 0.578 Loading class java/util/HashMap$Values done
Event: 0.578 Loading class java/util/HashMap$ValueIterator
Event: 0.579 Loading class java/util/HashMap$ValueIterator done
Event: 0.579 Loading class jdk/internal/module/ModuleInfo$Attributes
Event: 0.579 Loading class jdk/internal/module/ModuleInfo$Attributes done
Event: 0.579 Loading class jdk/internal/module/ModuleReferences
Event: 0.579 Loading class jdk/internal/module/ModuleReferences done
Event: 0.580 Loading class java/lang/module/ModuleReader
Event: 0.580 Loading class java/lang/module/ModuleReader done
Event: 0.581 Loading class sun/nio/fs/UnixUriUtils
Event: 0.582 Loading class sun/nio/fs/UnixUriUtils done
Event: 0.583 Loading class java/net/URI$Parser
Event: 0.583 Loading class java/net/URI$Parser done
Event: 0.583 Loading class jdk/internal/module/ModuleReferenceImpl
Event: 0.584 Loading class java/lang/module/ModuleReference
Event: 0.584 Loading class java/lang/module/ModuleReference done
Event: 0.584 Loading class jdk/internal/module/ModuleReferenceImpl done
Event: 0.585 Loading class java/lang/module/ModuleDescriptor$Exports
Event: 0.585 Loading class java/lang/module/ModuleDescriptor$Exports done

Classes unloaded (0 events):
No events

Classes redefined (0 events):
No events

Internal exceptions (8 events):
Event: 0.492 Thread 0x000070dfd002d400 Exception <a 'java/lang/NoSuchMethodError'{0x000070defb087468}: 'java.lang.Object java.lang.invoke.DirectMethodHandle$Holder.invokeStatic(java.lang.Object, java.lang.Object, java.lang.Object)'> (0x000070defb087468) 
thrown [/home/wenjie/jeandle-jdk/src/hotspot/share/interpreter/linkResolver.cpp, line 772]
Event: 0.497 Thread 0x000070dfd002d400 Exception <a 'java/lang/NoSuchMethodError'{0x000070defb0953c0}: 'java.lang.Object java.lang.invoke.Invokers$Holder.invokeExact_MT(java.lang.Object, java.lang.Object, java.lang.Object, java.lang.Object, java.lang.Object, java.lang.Object, java.lang.Object, java.lang.Object)'> (0x000070defb0953c0) 
thrown [/home/wenjie/jeandle-jdk/src/hotspot/share/interpreter/linkResolver.cpp, line 772]
Event: 0.505 Thread 0x000070dfd002d400 Exception <a 'java/lang/NoSuchMethodError'{0x000070defb0a2450}: 'java.lang.Object java.lang.invoke.DirectMethodHandle$Holder.newInvokeSpecial(java.lang.Object, java.lang.Object, java.lang.Object)'> (0x000070defb0a2450) 
thrown [/home/wenjie/jeandle-jdk/src/hotspot/share/interpreter/linkResolver.cpp, line 772]
Event: 0.510 Thread 0x000070dfd002d400 Exception <a 'java/lang/NoSuchMethodError'{0x000070defb0b5d70}: 'java.lang.Object java.lang.invoke.Invokers$Holder.linkToTargetMethod(java.lang.Object, java.lang.Object, java.lang.Object)'> (0x000070defb0b5d70) 
thrown [/home/wenjie/jeandle-jdk/src/hotspot/share/interpreter/linkResolver.cpp, line 772]
Event: 0.539 Thread 0x000070dfd002d400 Exception <a 'java/lang/NoSuchMethodError'{0x000070defb0c04a0}: 'java.lang.Object java.lang.invoke.DirectMethodHandle$Holder.invokeSpecial(java.lang.Object, java.lang.Object, java.lang.Object)'> (0x000070defb0c04a0) 
thrown [/home/wenjie/jeandle-jdk/src/hotspot/share/interpreter/linkResolver.cpp, line 772]
Event: 0.575 Thread 0x000070dfd002d400 Exception <a 'java/lang/NoSuchMethodError'{0x000070defb0e5f18}: 'java.lang.Object java.lang.invoke.DirectMethodHandle$Holder.newInvokeSpecial(java.lang.Object, java.lang.Object)'> (0x000070defb0e5f18) 
thrown [/home/wenjie/jeandle-jdk/src/hotspot/share/interpreter/linkResolver.cpp, line 772]
Event: 0.575 Thread 0x000070dfd002d400 Exception <a 'java/lang/NoSuchMethodError'{0x000070defb0eaa30}: 'java.lang.Object java.lang.invoke.Invokers$Holder.linkToTargetMethod(java.lang.Object, java.lang.Object)'> (0x000070defb0eaa30) 
thrown [/home/wenjie/jeandle-jdk/src/hotspot/share/interpreter/linkResolver.cpp, line 772]
Event: 0.580 Thread 0x000070dfd002d400 Exception <a 'java/lang/NoSuchMethodError'{0x000070defb0f1a18}: 'java.lang.Object java.lang.invoke.DirectMethodHandle$Holder.invokeStatic(java.lang.Object, java.lang.Object)'> (0x000070defb0f1a18) 
thrown [/home/wenjie/jeandle-jdk/src/hotspot/share/interpreter/linkResolver.cpp, line 772]

ZGC Phase Switch (0 events):
No events

VM Operations (2 events):
Event: 0.615 Executing VM operation: G1CollectForAllocation (G1 Evacuation Pause)
Event: 0.779 Executing VM operation: G1CollectForAllocation (G1 Evacuation Pause) done

Memory protections (14 events):
Event: 0.175 Protecting memory [0x000070dfd49ce000,0x000070dfd49d2000] with protection modes 0
Event: 0.345 Protecting memory [0x000070dee76f7000,0x000070dee76fb000] with protection modes 0
Event: 0.346 Protecting memory [0x000070dee75f6000,0x000070dee75fa000] with protection modes 0
Event: 0.350 Protecting memory [0x000070dee74f5000,0x000070dee74f9000] with protection modes 0
Event: 0.350 Protecting memory [0x000070dee73f4000,0x000070dee73f8000] with protection modes 0
Event: 0.350 Protecting memory [0x000070dee72f3000,0x000070dee72f7000] with protection modes 0
Event: 0.351 Protecting memory [0x000070dee71f2000,0x000070dee71f6000] with protection modes 0
Event: 0.351 Protecting memory [0x000070dee70f1000,0x000070dee70f5000] with protection modes 0
Event: 0.438 Protecting memory [0x000070dee6ff0000,0x000070dee6ff4000] with protection modes 0
Event: 0.587 Protecting memory [0x000070dee6eef000,0x000070dee6ef3000] with protection modes 0
Event: 0.588 Protecting memory [0x000070dee6dee000,0x000070dee6df2000] with protection modes 0
Event: 0.588 Protecting memory [0x000070dee6ced000,0x000070dee6cf1000] with protection modes 0
Event: 0.588 Protecting memory [0x000070dee6bec000,0x000070dee6bf0000] with protection modes 0
Event: 0.602 Protecting memory [0x000070dee6aeb000,0x000070dee6aef000] with protection modes 0

Nmethod flushes (0 events):
No events

Events (14 events):
Event: 0.195 Thread 0x000070dfd002d400 Thread added: 0x000070dfd002d400
Event: 0.345 Thread 0x000070dfd002d400 Thread added: 0x000070dfd0295210
Event: 0.346 Thread 0x000070dfd002d400 Thread added: 0x000070dfd0296a70
Event: 0.350 Thread 0x000070dfd002d400 Thread added: 0x000070dfd0298550
Event: 0.350 Thread 0x000070dfd002d400 Thread added: 0x000070dfd02a2020
Event: 0.350 Thread 0x000070dfd002d400 Thread added: 0x000070dfd02a3780
Event: 0.350 Thread 0x000070dfd002d400 Thread added: 0x000070dfd02a8f40
Event: 0.351 Thread 0x000070dfd002d400 Thread added: 0x000070dfd02b2e70
Event: 0.438 Thread 0x000070dfd002d400 Thread added: 0x000070dfd02f06b0
Event: 0.587 Thread 0x000070dfd02b2e70 Thread added: 0x000070deb8116fb0
Event: 0.588 Thread 0x000070dfd02b2e70 Thread added: 0x000070deb8118490
Event: 0.588 Thread 0x000070dfd02b2e70 Thread added: 0x000070deb8119e00
Event: 0.588 Thread 0x000070dfd02b2e70 Thread added: 0x000070deb811b780
Event: 0.602 Thread 0x000070deb8118490 Thread added: 0x000070dea408fca0


Dynamic libraries:
5bd2d9081000-5bd2d9082000 r--p 00000000 08:30 412339                     /home/wenjie/jeandle-jdk/build/linux-x86_64-server-fastdebug/jdk/bin/jmod
5bd2d9082000-5bd2d9083000 r-xp 00001000 08:30 412339                     /home/wenjie/jeandle-jdk/build/linux-x86_64-server-fastdebug/jdk/bin/jmod
5bd2d9083000-5bd2d9084000 r--p 00002000 08:30 412339                     /home/wenjie/jeandle-jdk/build/linux-x86_64-server-fastdebug/jdk/bin/jmod
5bd2d9084000-5bd2d9085000 r--p 00002000 08:30 412339                     /home/wenjie/jeandle-jdk/build/linux-x86_64-server-fastdebug/jdk/bin/jmod
5bd2d9085000-5bd2d9086000 rw-p 00003000 08:30 412339                     /home/wenjie/jeandle-jdk/build/linux-x86_64-server-fastdebug/jdk/bin/jmod
5bd2d91ae000-5bd2d9238000 rw-p 00000000 00:00 0                          [heap]
70de7c000000-70de7c021000 rw-p 00000000 00:00 0 
70de7c021000-70de80000000 ---p 00000000 00:00 0 
70de80000000-70de80021000 rw-p 00000000 00:00 0 
70de80021000-70de84000000 ---p 00000000 00:00 0 
70de84000000-70de8404e000 rw-p 00000000 00:00 0 
70de8404e000-70de88000000 ---p 00000000 00:00 0 
70de88000000-70de8804e000 rw-p 00000000 00:00 0 
70de8804e000-70de8c000000 ---p 00000000 00:00 0 
70de8c000000-70de8c071000 rw-p 00000000 00:00 0 
70de8c071000-70de90000000 ---p 00000000 00:00 0 
70de90000000-70de9004f000 rw-p 00000000 00:00 0 
70de9004f000-70de94000000 ---p 00000000 00:00 0 
70de94000000-70de94021000 rw-p 00000000 00:00 0 
70de94021000-70de98000000 ---p 00000000 00:00 0 
70de98000000-70de98068000 rw-p 00000000 00:00 0 
70de98068000-70de9c000000 ---p 00000000 00:00 0 
70de9c000000-70de9c184000 rw-p 00000000 00:00 0 
70de9c184000-70dea0000000 ---p 00000000 00:00 0 
70dea0000000-70dea004c000 rw-p 00000000 00:00 0 
70dea004c000-70dea4000000 ---p 00000000 00:00 0 
70dea4000000-70dea4316000 rw-p 00000000 00:00 0 
70dea4316000-70dea8000000 ---p 00000000 00:00 0 
70dea8000000-70dea81e5000 rw-p 00000000 00:00 0 
70dea81e5000-70deac000000 ---p 00000000 00:00 0 
70deac000000-70deac021000 rw-p 00000000 00:00 0 
70deac021000-70deb0000000 ---p 00000000 00:00 0 
70deb0000000-70deb0056000 rw-p 00000000 00:00 0 
70deb0056000-70deb4000000 ---p 00000000 00:00 0 
70deb4000000-70deb412e000 rw-p 00000000 00:00 0 
70deb412e000-70deb8000000 ---p 00000000 00:00 0 
70deb8000000-70deb82e5000 rw-p 00000000 00:00 0 
70deb82e5000-70debc000000 ---p 00000000 00:00 0 
70debc000000-70debc021000 rw-p 00000000 00:00 0 
70debc021000-70dec0000000 ---p 00000000 00:00 0 
70dec0000000-70dec0021000 rw-p 00000000 00:00 0 
70dec0021000-70dec4000000 ---p 00000000 00:00 0 
70dec4000000-70dec4021000 rw-p 00000000 00:00 0 
70dec4021000-70dec8000000 ---p 00000000 00:00 0 
70dec8000000-70dec8021000 rw-p 00000000 00:00 0 
70dec8021000-70decc000000 ---p 00000000 00:00 0 
70decc000000-70decc022000 rw-p 00000000 00:00 0 
70decc022000-70ded0000000 ---p 00000000 00:00 0 
70ded0000000-70ded0021000 rw-p 00000000 00:00 0 
70ded0021000-70ded4000000 ---p 00000000 00:00 0 
70ded4000000-70ded4500000 rw-p 00000000 00:00 0 
70ded4500000-70ded4520000 rw-p 00000000 00:00 0 
70ded4520000-70ded4540000 rw-p 00000000 00:00 0 
70ded4540000-70ded4580000 rw-p 00000000 00:00 0 
70ded4580000-70ded4700000 rw-p 00000000 00:00 0 
70ded4700000-70ded4740000 rw-p 00000000 00:00 0 
70ded4740000-70ded4780000 rw-p 00000000 00:00 0 
70ded4780000-70ded4900000 rw-p 00000000 00:00 0 
70ded4900000-70ded4980000 rw-p 00000000 00:00 0 
70ded4980000-70ded4af0000 rw-p 00000000 00:00 0 
70ded4af0000-70ded4b00000 ---p 00000000 00:00 0 
70ded4b00000-70ded4b30000 rw-p 00000000 00:00 0 
70ded4b30000-70ded8000000 ---p 00000000 00:00 0 
70ded8000000-70ded8021000 rw-p 00000000 00:00 0 
70ded8021000-70dedc000000 ---p 00000000 00:00 0 
70dedc000000-70dedc021000 rw-p 00000000 00:00 0 
70dedc021000-70dee0000000 ---p 00000000 00:00 0 
70dee0000000-70dee0021000 rw-p 00000000 00:00 0 
70dee0021000-70dee4000000 ---p 00000000 00:00 0 
70dee578f000-70dee5d3d000 rw-p 00000000 00:00 0 
70dee5d3d000-70dee5d3e000 ---p 00000000 00:00 0 
70dee5d3e000-70dee5e3e000 rw-p 00000000 00:00 0 
70dee5e3e000-70dee5e42000 ---p 00000000 00:00 0 
70dee5e42000-70dee5f3f000 rw-p 00000000 00:00 0 
70dee5f3f000-70dee5f43000 ---p 00000000 00:00 0 
70dee5f43000-70dee6040000 rw-p 00000000 00:00 0 
70dee6040000-70dee6044000 ---p 00000000 00:00 0 
70dee6044000-70dee6141000 rw-p 00000000 00:00 0 
70dee6141000-70dee6145000 ---p 00000000 00:00 0 
70dee6145000-70dee6242000 rw-p 00000000 00:00 0 
70dee6242000-70dee6246000 ---p 00000000 00:00 0 
70dee6246000-70dee6343000 rw-p 00000000 00:00 0 
70dee6343000-70dee66f3000 rw-p 00000000 00:00 0 
70dee66f3000-70dee66f7000 ---p 00000000 00:00 0 
70dee66f7000-70dee67f4000 rw-p 00000000 00:00 0 
70dee67f4000-70dee69ea000 rw-p 00000000 00:00 0 
70dee69ea000-70dee69eb000 ---p 00000000 00:00 0 
70dee69eb000-70dee6aeb000 rw-p 00000000 00:00 0 
70dee6aeb000-70dee6aef000 ---p 00000000 00:00 0 
70dee6aef000-70dee6bec000 rw-p 00000000 00:00 0 
70dee6bec000-70dee6bf0000 ---p 00000000 00:00 0 
70dee6bf0000-70dee6ced000 rw-p 00000000 00:00 0 
70dee6ced000-70dee6cf1000 ---p 00000000 00:00 0 
70dee6cf1000-70dee6dee000 rw-p 00000000 00:00 0 
70dee6dee000-70dee6df2000 ---p 00000000 00:00 0 
70dee6df2000-70dee6eef000 rw-p 00000000 00:00 0 
70dee6eef000-70dee6ef3000 ---p 00000000 00:00 0 
70dee6ef3000-70dee6ff0000 rw-p 00000000 00:00 0 
70dee6ff0000-70dee6ff4000 ---p 00000000 00:00 0 
70dee6ff4000-70dee70f1000 rw-p 00000000 00:00 0 
70dee70f1000-70dee70f5000 ---p 00000000 00:00 0 
70dee70f5000-70dee71f2000 rw-p 00000000 00:00 0 
70dee71f2000-70dee71f6000 ---p 00000000 00:00 0 
70dee71f6000-70dee72f3000 rw-p 00000000 00:00 0 
70dee72f3000-70dee72f7000 ---p 00000000 00:00 0 
70dee72f7000-70dee73f4000 rw-p 00000000 00:00 0 
70dee73f4000-70dee73f8000 ---p 00000000 00:00 0 
70dee73f8000-70dee74f5000 rw-p 00000000 00:00 0 
70dee74f5000-70dee74f9000 ---p 00000000 00:00 0 
70dee74f9000-70dee75f6000 rw-p 00000000 00:00 0 
70dee75f6000-70dee75fa000 ---p 00000000 00:00 0 
70dee75fa000-70dee76f7000 rw-p 00000000 00:00 0 
70dee76f7000-70dee76fb000 ---p 00000000 00:00 0 
70dee76fb000-70dee77f8000 rw-p 00000000 00:00 0 
70dee77f8000-70dee77f9000 ---p 00000000 00:00 0 
70dee77f9000-70dee78f9000 rw-p 00000000 00:00 0 
70dee78f9000-70dee78fa000 ---p 00000000 00:00 0 
70dee78fa000-70dee79fa000 rw-p 00000000 00:00 0 
70dee79fa000-70dee79fb000 ---p 00000000 00:00 0 
70dee79fb000-70dee7afb000 rw-p 00000000 00:00 0 
70dee7afb000-70dee7afc000 ---p 00000000 00:00 0 
70dee7afc000-70dee7bfc000 rw-p 00000000 00:00 0 
70dee7bfc000-70dee8000000 rw-p 00000000 00:00 0 
70dee8000000-70dee8021000 rw-p 00000000 00:00 0 
70dee8021000-70deec000000 ---p 00000000 00:00 0 
70deec000000-70deec021000 rw-p 00000000 00:00 0 
70deec021000-70def0000000 ---p 00000000 00:00 0 
70def0000000-70def0021000 rw-p 00000000 00:00 0 
70def0021000-70def4000000 ---p 00000000 00:00 0 
70def407e000-70def6a00000 rw-p 00000000 00:00 0 
70def6a28000-70def6a29000 ---p 00000000 00:00 0 
70def6a29000-70def6b29000 rw-p 00000000 00:00 0 
70def6b29000-70def6b2a000 ---p 00000000 00:00 0 
70def6b2a000-70def6c2a000 rw-p 00000000 00:00 0 
70def6c2a000-70def6cca000 rw-p 00000000 00:00 0 
70def6cca000-70def9da2000 ---p 00000000 00:00 0 
70def9da2000-70def9db6000 rw-p 00000000 00:00 0 
70def9db6000-70defa3d1000 ---p 00000000 00:00 0 
70defa3d1000-70defa3e5000 rw-p 00000000 00:00 0 
70defa3e5000-70defaa00000 ---p 00000000 00:00 0 
70defaa00000-70defd200000 rw-p 00000000 00:00 0 
70defd200000-70dfc0800000 ---p 00000000 00:00 0 
70dfc0848000-70dfc084a000 r--p 00000000 08:30 410753                     /home/wenjie/jeandle-jdk/build/linux-x86_64-server-fastdebug/jdk/lib/libzip.so
70dfc084a000-70dfc084f000 r-xp 00002000 08:30 410753                     /home/wenjie/jeandle-jdk/build/linux-x86_64-server-fastdebug/jdk/lib/libzip.so
70dfc084f000-70dfc0851000 r--p 00007000 08:30 410753                     /home/wenjie/jeandle-jdk/build/linux-x86_64-server-fastdebug/jdk/lib/libzip.so
70dfc0851000-70dfc0852000 r--p 00008000 08:30 410753                     /home/wenjie/jeandle-jdk/build/linux-x86_64-server-fastdebug/jdk/lib/libzip.so
70dfc0852000-70dfc0853000 rw-p 00009000 08:30 410753                     /home/wenjie/jeandle-jdk/build/linux-x86_64-server-fastdebug/jdk/lib/libzip.so
70dfc0853000-70dfc0856000 r--p 00000000 08:30 410757                     /home/wenjie/jeandle-jdk/build/linux-x86_64-server-fastdebug/jdk/lib/libnet.so
70dfc0856000-70dfc085e000 r-xp 00003000 08:30 410757                     /home/wenjie/jeandle-jdk/build/linux-x86_64-server-fastdebug/jdk/lib/libnet.so
70dfc085e000-70dfc0860000 r--p 0000b000 08:30 410757                     /home/wenjie/jeandle-jdk/build/linux-x86_64-server-fastdebug/jdk/lib/libnet.so
70dfc0860000-70dfc0861000 ---p 0000d000 08:30 410757                     /home/wenjie/jeandle-jdk/build/linux-x86_64-server-fastdebug/jdk/lib/libnet.so
70dfc0861000-70dfc0862000 r--p 0000d000 08:30 410757                     /home/wenjie/jeandle-jdk/build/linux-x86_64-server-fastdebug/jdk/lib/libnet.so
70dfc0862000-70dfc0863000 rw-p 0000e000 08:30 410757                     /home/wenjie/jeandle-jdk/build/linux-x86_64-server-fastdebug/jdk/lib/libnet.so
70dfc0863000-70dfc0869000 r--p 00000000 08:30 410763                     /home/wenjie/jeandle-jdk/build/linux-x86_64-server-fastdebug/jdk/lib/libnio.so
70dfc0869000-70dfc0872000 r-xp 00006000 08:30 410763                     /home/wenjie/jeandle-jdk/build/linux-x86_64-server-fastdebug/jdk/lib/libnio.so
70dfc0872000-70dfc0876000 r--p 0000f000 08:30 410763                     /home/wenjie/jeandle-jdk/build/linux-x86_64-server-fastdebug/jdk/lib/libnio.so
70dfc0876000-70dfc0877000 r--p 00012000 08:30 410763                     /home/wenjie/jeandle-jdk/build/linux-x86_64-server-fastdebug/jdk/lib/libnio.so
70dfc0877000-70dfc0878000 rw-p 00013000 08:30 410763                     /home/wenjie/jeandle-jdk/build/linux-x86_64-server-fastdebug/jdk/lib/libnio.so
70dfc0878000-70dfc08f9000 rw-p 00000000 00:00 0 
70dfc08f9000-70dfc08fa000 ---p 00000000 00:00 0 
70dfc08fa000-70dfc09fa000 rw-p 00000000 00:00 0 
70dfc09fa000-70dfc1000000 rw-p 00000000 00:00 0 
70dfc1000000-70dfc1270000 rwxp 00000000 00:00 0 
70dfc1270000-70dfc845f000 ---p 00000000 00:00 0 
70dfc845f000-70dfc87ff000 rwxp 00000000 00:00 0 
70dfc87ff000-70dfc8ba0000 ---p 00000000 00:00 0 
70dfc8ba0000-70dfc8e10000 rwxp 00000000 00:00 0 
70dfc8e10000-70dfd0000000 ---p 00000000 00:00 0 
70dfd0000000-70dfd0598000 rw-p 00000000 00:00 0 
70dfd0598000-70dfd4000000 ---p 00000000 00:00 0 
70dfd4002000-70dfd4801000 rw-p 00000000 00:00 0 
70dfd4801000-70dfd48e5000 ---p 00000000 00:00 0 
70dfd48e5000-70dfd48ea000 rw-p 00000000 00:00 0 
70dfd48ea000-70dfd49ce000 ---p 00000000 00:00 0 
70dfd49ce000-70dfd49d2000 ---p 00000000 00:00 0 
70dfd49d2000-70dfd4acf000 rw-p 00000000 00:00 0 
70dfd4acf000-70dfd4b65000 r--p 00000000 08:30 39208                      /usr/lib/x86_64-linux-gnu/libstdc++.so.6.0.28
70dfd4b65000-70dfd4c56000 r-xp 00096000 08:30 39208                      /usr/lib/x86_64-linux-gnu/libstdc++.so.6.0.28
70dfd4c56000-70dfd4c9f000 r--p 00187000 08:30 39208                      /usr/lib/x86_64-linux-gnu/libstdc++.so.6.0.28
70dfd4c9f000-70dfd4ca0000 ---p 001d0000 08:30 39208                      /usr/lib/x86_64-linux-gnu/libstdc++.so.6.0.28
70dfd4ca0000-70dfd4cab000 r--p 001d0000 08:30 39208                      /usr/lib/x86_64-linux-gnu/libstdc++.so.6.0.28
70dfd4cab000-70dfd4cae000 rw-p 001db000 08:30 39208                      /usr/lib/x86_64-linux-gnu/libstdc++.so.6.0.28
70dfd4cae000-70dfd4cb1000 rw-p 00000000 00:00 0 
70dfd4cb1000-70dfd4cbe000 r--p 00000000 08:30 38868                      /usr/lib/x86_64-linux-gnu/libm-2.31.so
70dfd4cbe000-70dfd4d65000 r-xp 0000d000 08:30 38868                      /usr/lib/x86_64-linux-gnu/libm-2.31.so
70dfd4d65000-70dfd4dfe000 r--p 000b4000 08:30 38868                      /usr/lib/x86_64-linux-gnu/libm-2.31.so
70dfd4dfe000-70dfd4dff000 r--p 0014c000 08:30 38868                      /usr/lib/x86_64-linux-gnu/libm-2.31.so
70dfd4dff000-70dfd4e00000 rw-p 0014d000 08:30 38868                      /usr/lib/x86_64-linux-gnu/libm-2.31.so
70dfd4e00000-70dfd82c1000 r--p 00000000 08:30 350946                     /home/wenjie/build-jeandle/jeandle-llvm-install/lib/libLLVM.so.22.0git
70dfd82c1000-70dfddaf0000 r-xp 034c1000 08:30 350946                     /home/wenjie/build-jeandle/jeandle-llvm-install/lib/libLLVM.so.22.0git
70dfddaf0000-70dfe279d000 r--p 08cf0000 08:30 350946                     /home/wenjie/build-jeandle/jeandle-llvm-install/lib/libLLVM.so.22.0git
70dfe279d000-70dfe2851000 r--p 0d99c000 08:30 350946                     /home/wenjie/build-jeandle/jeandle-llvm-install/lib/libLLVM.so.22.0git
70dfe2851000-70dfe28a6000 rw-p 0da50000 08:30 350946                     /home/wenjie/build-jeandle/jeandle-llvm-install/lib/libLLVM.so.22.0git
70dfe28a6000-70dfe2945000 rw-p 00000000 00:00 0 
70dfe2949000-70dfe29b4000 rw-p 00000000 00:00 0 
70dfe29b4000-70dfe29bb000 ---p 00000000 00:00 0 
70dfe29bb000-70dfe29c7000 r--p 00000000 08:30 410730                     /home/wenjie/jeandle-jdk/build/linux-x86_64-server-fastdebug/jdk/lib/libjava.so
70dfe29c7000-70dfe29d6000 r-xp 0000c000 08:30 410730                     /home/wenjie/jeandle-jdk/build/linux-x86_64-server-fastdebug/jdk/lib/libjava.so
70dfe29d6000-70dfe29dc000 r--p 0001b000 08:30 410730                     /home/wenjie/jeandle-jdk/build/linux-x86_64-server-fastdebug/jdk/lib/libjava.so
70dfe29dc000-70dfe29dd000 r--p 00020000 08:30 410730                     /home/wenjie/jeandle-jdk/build/linux-x86_64-server-fastdebug/jdk/lib/libjava.so
70dfe29dd000-70dfe29de000 rw-p 00021000 08:30 410730                     /home/wenjie/jeandle-jdk/build/linux-x86_64-server-fastdebug/jdk/lib/libjava.so
70dfe29de000-70dfe29df000 rw-p 00000000 00:00 0 
70dfe29df000-70dfe29e2000 r--p 00000000 08:30 410758                     /home/wenjie/jeandle-jdk/build/linux-x86_64-server-fastdebug/jdk/lib/libjimage.so
70dfe29e2000-70dfe29f6000 r-xp 00003000 08:30 410758                     /home/wenjie/jeandle-jdk/build/linux-x86_64-server-fastdebug/jdk/lib/libjimage.so
70dfe29f6000-70dfe29fc000 r--p 00017000 08:30 410758                     /home/wenjie/jeandle-jdk/build/linux-x86_64-server-fastdebug/jdk/lib/libjimage.so
70dfe29fc000-70dfe29fd000 ---p 0001d000 08:30 410758                     /home/wenjie/jeandle-jdk/build/linux-x86_64-server-fastdebug/jdk/lib/libjimage.so
70dfe29fd000-70dfe29ff000 r--p 0001d000 08:30 410758                     /home/wenjie/jeandle-jdk/build/linux-x86_64-server-fastdebug/jdk/lib/libjimage.so
70dfe29ff000-70dfe2a00000 rw-p 0001f000 08:30 410758                     /home/wenjie/jeandle-jdk/build/linux-x86_64-server-fastdebug/jdk/lib/libjimage.so
70dfe2a00000-70dfe2d11000 r--p 00000000 08:30 410022                     /home/wenjie/jeandle-jdk/build/linux-x86_64-server-fastdebug/jdk/lib/server/libjvm.so
70dfe2d11000-70dfe46d9000 r-xp 00311000 08:30 410022                     /home/wenjie/jeandle-jdk/build/linux-x86_64-server-fastdebug/jdk/lib/server/libjvm.so
70dfe46d9000-70dfe4be5000 r--p 01cd9000 08:30 410022                     /home/wenjie/jeandle-jdk/build/linux-x86_64-server-fastdebug/jdk/lib/server/libjvm.so
70dfe4be5000-70dfe4cdd000 r--p 021e4000 08:30 410022                     /home/wenjie/jeandle-jdk/build/linux-x86_64-server-fastdebug/jdk/lib/server/libjvm.so
70dfe4cdd000-70dfe4d10000 rw-p 022dc000 08:30 410022                     /home/wenjie/jeandle-jdk/build/linux-x86_64-server-fastdebug/jdk/lib/server/libjvm.so
70dfe4d10000-70dfe4dbe000 rw-p 00000000 00:00 0 
70dfe4dc2000-70dfe4dc5000 r--p 00000000 08:30 38648                      /usr/lib/x86_64-linux-gnu/libnss_files-2.31.so
70dfe4dc5000-70dfe4dcc000 r-xp 00003000 08:30 38648                      /usr/lib/x86_64-linux-gnu/libnss_files-2.31.so
70dfe4dcc000-70dfe4dce000 r--p 0000a000 08:30 38648                      /usr/lib/x86_64-linux-gnu/libnss_files-2.31.so
70dfe4dce000-70dfe4dcf000 r--p 0000b000 08:30 38648                      /usr/lib/x86_64-linux-gnu/libnss_files-2.31.so
70dfe4dcf000-70dfe4dd0000 rw-p 0000c000 08:30 38648                      /usr/lib/x86_64-linux-gnu/libnss_files-2.31.so
70dfe4dd0000-70dfe4dd6000 rw-p 00000000 00:00 0 
70dfe4dd6000-70dfe4dde000 rw-s 00000000 08:30 417205                     /tmp/hsperfdata_wenjie/298570
70dfe4dde000-70dfe4de1000 r--p 00000000 08:30 38841                      /usr/lib/x86_64-linux-gnu/libgcc_s.so.1
70dfe4de1000-70dfe4df3000 r-xp 00003000 08:30 38841                      /usr/lib/x86_64-linux-gnu/libgcc_s.so.1
70dfe4df3000-70dfe4df7000 r--p 00015000 08:30 38841                      /usr/lib/x86_64-linux-gnu/libgcc_s.so.1
70dfe4df7000-70dfe4df8000 r--p 00018000 08:30 38841                      /usr/lib/x86_64-linux-gnu/libgcc_s.so.1
70dfe4df8000-70dfe4df9000 rw-p 00019000 08:30 38841                      /usr/lib/x86_64-linux-gnu/libgcc_s.so.1
70dfe4df9000-70dfe4dfb000 r--p 00000000 08:30 38758                      /usr/lib/x86_64-linux-gnu/librt-2.31.so
70dfe4dfb000-70dfe4dff000 r-xp 00002000 08:30 38758                      /usr/lib/x86_64-linux-gnu/librt-2.31.so
70dfe4dff000-70dfe4e01000 r--p 00006000 08:30 38758                      /usr/lib/x86_64-linux-gnu/librt-2.31.so
70dfe4e01000-70dfe4e02000 r--p 00007000 08:30 38758                      /usr/lib/x86_64-linux-gnu/librt-2.31.so
70dfe4e02000-70dfe4e03000 rw-p 00008000 08:30 38758                      /usr/lib/x86_64-linux-gnu/librt-2.31.so
70dfe4e03000-70dfe4e05000 rw-p 00000000 00:00 0 
70dfe4e05000-70dfe4e0b000 r--p 00000000 08:30 38921                      /usr/lib/x86_64-linux-gnu/libpthread-2.31.so
70dfe4e0b000-70dfe4e1c000 r-xp 00006000 08:30 38921                      /usr/lib/x86_64-linux-gnu/libpthread-2.31.so
70dfe4e1c000-70dfe4e22000 r--p 00017000 08:30 38921                      /usr/lib/x86_64-linux-gnu/libpthread-2.31.so
70dfe4e22000-70dfe4e23000 r--p 0001c000 08:30 38921                      /usr/lib/x86_64-linux-gnu/libpthread-2.31.so
70dfe4e23000-70dfe4e24000 rw-p 0001d000 08:30 38921                      /usr/lib/x86_64-linux-gnu/libpthread-2.31.so
70dfe4e24000-70dfe4e28000 rw-p 00000000 00:00 0 
70dfe4e28000-70dfe4e29000 r--p 00000000 08:30 39120                      /usr/lib/x86_64-linux-gnu/libdl-2.31.so
70dfe4e29000-70dfe4e2b000 r-xp 00001000 08:30 39120                      /usr/lib/x86_64-linux-gnu/libdl-2.31.so
70dfe4e2b000-70dfe4e2c000 r--p 00003000 08:30 39120                      /usr/lib/x86_64-linux-gnu/libdl-2.31.so
70dfe4e2c000-70dfe4e2d000 r--p 00003000 08:30 39120                      /usr/lib/x86_64-linux-gnu/libdl-2.31.so
70dfe4e2d000-70dfe4e2e000 rw-p 00004000 08:30 39120                      /usr/lib/x86_64-linux-gnu/libdl-2.31.so
70dfe4e2e000-70dfe4e30000 r--p 00000000 08:30 39166                      /usr/lib/x86_64-linux-gnu/libz.so.1.2.11
70dfe4e30000-70dfe4e41000 r-xp 00002000 08:30 39166                      /usr/lib/x86_64-linux-gnu/libz.so.1.2.11
70dfe4e41000-70dfe4e47000 r--p 00013000 08:30 39166                      /usr/lib/x86_64-linux-gnu/libz.so.1.2.11
70dfe4e47000-70dfe4e48000 ---p 00019000 08:30 39166                      /usr/lib/x86_64-linux-gnu/libz.so.1.2.11
70dfe4e48000-70dfe4e49000 r--p 00019000 08:30 39166                      /usr/lib/x86_64-linux-gnu/libz.so.1.2.11
70dfe4e49000-70dfe4e4a000 rw-p 0001a000 08:30 39166                      /usr/lib/x86_64-linux-gnu/libz.so.1.2.11
70dfe4e4a000-70dfe4e6c000 r--p 00000000 08:30 38629                      /usr/lib/x86_64-linux-gnu/libc-2.31.so
70dfe4e6c000-70dfe4fe4000 r-xp 00022000 08:30 38629                      /usr/lib/x86_64-linux-gnu/libc-2.31.so
70dfe4fe4000-70dfe5032000 r--p 0019a000 08:30 38629                      /usr/lib/x86_64-linux-gnu/libc-2.31.so
70dfe5032000-70dfe5036000 r--p 001e7000 08:30 38629                      /usr/lib/x86_64-linux-gnu/libc-2.31.so
70dfe5036000-70dfe5038000 rw-p 001eb000 08:30 38629                      /usr/lib/x86_64-linux-gnu/libc-2.31.so
70dfe5038000-70dfe503c000 rw-p 00000000 00:00 0 
70dfe5042000-70dfe5043000 ---p 00000000 00:00 0 
70dfe5043000-70dfe5044000 r--p 00000000 00:00 0 
70dfe5044000-70dfe5046000 r--p 00000000 08:30 410737                     /home/wenjie/jeandle-jdk/build/linux-x86_64-server-fastdebug/jdk/lib/libjli.so
70dfe5046000-70dfe5050000 r-xp 00002000 08:30 410737                     /home/wenjie/jeandle-jdk/build/linux-x86_64-server-fastdebug/jdk/lib/libjli.so
70dfe5050000-70dfe5053000 r--p 0000c000 08:30 410737                     /home/wenjie/jeandle-jdk/build/linux-x86_64-server-fastdebug/jdk/lib/libjli.so
70dfe5053000-70dfe5054000 ---p 0000f000 08:30 410737                     /home/wenjie/jeandle-jdk/build/linux-x86_64-server-fastdebug/jdk/lib/libjli.so
70dfe5054000-70dfe5055000 r--p 0000f000 08:30 410737                     /home/wenjie/jeandle-jdk/build/linux-x86_64-server-fastdebug/jdk/lib/libjli.so
70dfe5055000-70dfe5056000 rw-p 00010000 08:30 410737                     /home/wenjie/jeandle-jdk/build/linux-x86_64-server-fastdebug/jdk/lib/libjli.so
70dfe5056000-70dfe5058000 rw-p 00000000 00:00 0 
70dfe5058000-70dfe505c000 r--p 00000000 00:00 0                          [vvar]
70dfe505c000-70dfe505e000 r--p 00000000 00:00 0                          [vvar_vclock]
70dfe505e000-70dfe5060000 r-xp 00000000 00:00 0                          [vdso]
70dfe5060000-70dfe5061000 r--p 00000000 08:30 38585                      /usr/lib/x86_64-linux-gnu/ld-2.31.so
70dfe5061000-70dfe5084000 r-xp 00001000 08:30 38585                      /usr/lib/x86_64-linux-gnu/ld-2.31.so
70dfe5084000-70dfe508c000 r--p 00024000 08:30 38585                      /usr/lib/x86_64-linux-gnu/ld-2.31.so
70dfe508c000-70dfe508d000 rwxp 00000000 00:00 0 
70dfe508d000-70dfe508e000 r--p 0002c000 08:30 38585                      /usr/lib/x86_64-linux-gnu/ld-2.31.so
70dfe508e000-70dfe508f000 rw-p 0002d000 08:30 38585                      /usr/lib/x86_64-linux-gnu/ld-2.31.so
70dfe508f000-70dfe5090000 rw-p 00000000 00:00 0 
7ffcce0d1000-7ffcce0f3000 rw-p 00000000 00:00 0                          [stack]
Total number of mappings: 275


VM Arguments:
jvm_args: -Denv.class.path= -Dapplication.home=/home/wenjie/jeandle-jdk/build/linux-x86_64-server-fastdebug/jdk -Xms8m -Djdk.module.main=jdk.jlink 
java_command: jdk.jlink/jdk.tools.jmod.Main create --module-version 21.0.7-internal --target-platform linux-amd64 --module-path /home/wenjie/jeandle-jdk/build/linux-x86_64-server-fastdebug/support/interim-jmods --libs /home/wenjie/jeandle-jdk/build/linux-x86_64-server-fastdebug/support/modules_libs/java.base --cmds /home/wenjie/jeandle-jdk/build/linux-x86_64-server-fastdebug/support/modules_cmds/java.base --config /home/wenjie/jeandle-jdk/build/linux-x86_64-server-fastdebug/support/modules_conf/java.base --class-path /home/wenjie/jeandle-jdk/build/linux-x86_64-server-fastdebug/jdk/modules/java.base --header-files /home/wenjie/jeandle-jdk/build/linux-x86_64-server-fastdebug/support/modules_include/java.base --man-pages /home/wenjie/jeandle-jdk/build/linux-x86_64-server-fastdebug/support/modules_man/java.base --legal-notices /home/wenjie/jeandle-jdk/build/linux-x86_64-server-fastdebug/support/modules_legal/common:/home/wenjie/jeandle-jdk/build/linux-x86_64-server-fastdebug/support/modules_legal/java.base --exclude **{_the.*,_*.marker*,*.diz,*.debuginfo,*.dSYM/**,*.dSYM} --compress zip-0 --date 2026-06-20T05:08:31Z /home/wenjie/jeandle-jdk/build/linux-x86_64-server-fastdebug/support/interim-jmods/support/java.base.jmod
java_class_path (initial): <not set>
Launcher Type: SUN_STANDARD

[Global flags]
     intx CICompilerCount                          = 12                                        {product} {ergonomic}     Number of compiler threads to run
     uint ConcGCThreads                            = 3                                         {product} {ergonomic}     Number of threads concurrent gc will use
     uint G1ConcRefinementThreads                  = 13                                        {product} {ergonomic}     The number of parallel remembered set update threads. Will be set ergonomically by default.
   size_t G1HeapRegionSize                         = 2097152                                   {product} {ergonomic}     Size of the G1 regions.
    uintx GCDrainStackTargetSize                   = 64                                        {product} {ergonomic}     Number of entries we will try to leave on the stack during parallel gc
   size_t InitialHeapSize                          = 8388608                                   {product} {command line}  Initial heap size (in bytes); zero means use ergonomics
   size_t MarkStackSize                            = 4194304                                   {product} {ergonomic}     Size of marking stack
   size_t MaxHeapSize                              = 3319791616                                {product} {ergonomic}     Maximum heap size (in bytes)
   size_t MaxNewSize                               = 1990197248                                {product} {ergonomic}     Maximum new generation size (in bytes), max_uintx means set ergonomically
   size_t MinHeapDeltaBytes                        = 2097152                                   {product} {ergonomic}     The minimum change in heap space due to GC (in bytes)
   size_t MinHeapSize                              = 8388608                                   {product} {command line}  Minimum heap size (in bytes); zero means use ergonomics
    uintx NonNMethodCodeHeapSize                   = 7602480                                {pd product} {ergonomic}     Size of code heap with non-nmethods (in bytes)
    uintx NonProfiledCodeHeapSize                  = 122027880                              {pd product} {ergonomic}     Size of code heap with non-profiled methods (in bytes)
    uintx ProfiledCodeHeapSize                     = 122027880                              {pd product} {ergonomic}     Size of code heap with profiled methods (in bytes)
    uintx ReservedCodeCacheSize                    = 251658240                              {pd product} {ergonomic}     Reserved code cache size (in bytes) - maximum code cache size
     bool SegmentedCodeCache                       = true                                      {product} {ergonomic}     Use a segmented code cache
   size_t SoftMaxHeapSize                          = 3319791616                             {manageable} {ergonomic}     Soft limit for maximum heap size (in bytes)
     bool THPStackMitigation                       = false                                  {diagnostic} {ergonomic}     If THPs are unconditionally enabled on the system (mode "always"), the JVM will prevent THP from forming in thread stacks. When disabled, the absence of this mitigationallows THPs to form in thread stacks.
     bool UseCompressedOops                        = false                          {product lp64_product} {ergonomic}   Use 32-bit object references in 64-bit VM. lp64_product means flag is always constant in 32 bit VM
     bool UseG1GC                                  = true                                      {product} {ergonomic}     Use the Garbage-First garbage collector

Logging:
Log output configuration:
 #0: stdout all=warning uptime,level,tags foldmultilines=false
 #1: stderr all=off uptime,level,tags foldmultilines=false

Environment Variables:
CLASSPATH=
PATH=/usr/local/sbin:/usr/local/bin:/usr/sbin:/usr/bin:/sbin:/bin:/usr/games:/usr/local/games:/usr/lib/wsl/lib:/mnt/c/Program Files/WindowsApps/MicrosoftCorporationII.WindowsSubsystemForLinux_2.7.8.0_x64__8wekyb3d8bbwe:/mnt/c/WINDOWS/system32:/mnt/c/WINDOWS:/mnt/c/WINDOWS/System32/Wbem:/mnt/c/WINDOWS/System32/WindowsPowerShell/v1.0/:/mnt/c/WINDOWS/System32/OpenSSH/:/mnt/d/Program Files/Git/cmd:/mnt/c/Users/一人舛木/AppData/Local/Microsoft/WindowsApps:/mnt/d/Program Files/Microsoft VS Code/bin:/mnt/d/Program Files/jdk-21/bin:/snap/bin
SHELL=/bin/bash
DISPLAY=:0
HOSTTYPE=x86_64
LANG=C.UTF-8
LC_ALL=C
TERM=xterm-256color

Active Locale:
LC_ALL=C
LC_COLLATE=C
LC_CTYPE=C
LC_MESSAGES=C
LC_MONETARY=C
LC_NUMERIC=C
LC_TIME=C

Signal Handlers:
   SIGSEGV: crash_handler in libjvm.so, mask=11100100010111111101111111111110, flags=SA_RESTART|SA_SIGINFO, unblocked
    SIGBUS: crash_handler in libjvm.so, mask=11100100010111111101111111111110, flags=SA_RESTART|SA_SIGINFO, unblocked
    SIGFPE: crash_handler in libjvm.so, mask=11100100010111111101111111111110, flags=SA_RESTART|SA_SIGINFO, unblocked
   SIGPIPE: javaSignalHandler in libjvm.so, mask=11100100010111111101111111111110, flags=SA_RESTART|SA_SIGINFO, unblocked
   SIGXFSZ: javaSignalHandler in libjvm.so, mask=11100100010111111101111111111110, flags=SA_RESTART|SA_SIGINFO, unblocked
    SIGILL: crash_handler in libjvm.so, mask=11100100010111111101111111111110, flags=SA_RESTART|SA_SIGINFO, unblocked
   SIGUSR2: SR_handler in libjvm.so, mask=00000000000000000000000000000000, flags=SA_RESTART|SA_SIGINFO, unblocked
    SIGHUP: UserHandler in libjvm.so, mask=11100100010111111101111111111110, flags=SA_RESTART|SA_SIGINFO, unblocked
    SIGINT: UserHandler in libjvm.so, mask=11100100010111111101111111111110, flags=SA_RESTART|SA_SIGINFO, unblocked
   SIGTERM: UserHandler in libjvm.so, mask=11100100010111111101111111111110, flags=SA_RESTART|SA_SIGINFO, unblocked
   SIGQUIT: UserHandler in libjvm.so, mask=11100100010111111101111111111110, flags=SA_RESTART|SA_SIGINFO, blocked
   SIGTRAP: crash_handler in libjvm.so, mask=11100100010111111101111111111110, flags=SA_RESTART|SA_SIGINFO, unblocked


Native Memory Tracking:

(Omitting categories weighting less than 1KB)

Total: reserved=3734517KB, committed=149373KB
       malloc: 52797KB #93435
       mmap:   reserved=3681720KB, committed=96576KB

-                 Java Heap (reserved=3241984KB, committed=40960KB)
                            (mmap: reserved=3241984KB, committed=40960KB, at peak) 
 
-                     Class (reserved=248KB, committed=248KB)
                            (classes #1688)
                            (  instance classes #1502, array classes #186)
                            (malloc=248KB #4766) (at peak) 
                            (  Metadata:   )
                            (    reserved=65536KB, committed=11392KB)
                            (    used=11293KB)
                            (    waste=99KB =0.87%)
 
-                    Thread (reserved=29859KB, committed=1311KB)
                            (threads #29)
                            (stack: reserved=29776KB, committed=1228KB, peak=1228KB)
                            (malloc=60KB #179) (peak=67KB #177) 
                            (arena=22KB #46) (peak=267KB #44)
 
-                      Code (reserved=249123KB, committed=10215KB)
                            (malloc=1439KB #42240) (peak=1440KB #42244) 
                            (mmap: reserved=247684KB, committed=8776KB, at peak) 
                            (arena=0KB #0) (peak=1KB #1)
 
-                        GC (reserved=123981KB, committed=61461KB)
                            (malloc=27285KB #892) (peak=27312KB #1002) 
                            (mmap: reserved=96696KB, committed=34176KB, at peak) 
 
-                 GCCardSet (reserved=5KB, committed=5KB)
                            (malloc=5KB #63) (at peak) 
 
-                  Compiler (reserved=788KB, committed=788KB)
                            (malloc=33KB #145) (peak=46KB #154) 
                            (arena=755KB #21) (peak=5410KB #25)
 
-                  Internal (reserved=12900KB, committed=12900KB)
                            (malloc=12864KB #37518) (peak=12864KB #37519) 
                            (mmap: reserved=36KB, committed=36KB, at peak) 
 
-                     Other (reserved=35KB, committed=35KB)
                            (malloc=35KB #2) (at peak) 
 
-                    Symbol (reserved=4062KB, committed=4062KB)
                            (malloc=1081KB #4955) (at peak) 
                            (arena=2981KB #1) (at peak)
 
-    Native Memory Tracking (reserved=1468KB, committed=1468KB)
                            (malloc=8KB #80) (at peak) 
                            (tracking overhead=1460KB)
 
-               Arena Chunk (reserved=4259KB, committed=4259KB)
                            (malloc=4259KB #309) (peak=8140KB #312) 
 
-                 Arguments (reserved=0KB, committed=0KB)
                            (malloc=0KB #2) (peak=10KB #3) 
 
-                    Module (reserved=173KB, committed=173KB)
                            (malloc=173KB #1885) (at peak) 
 
-                 Safepoint (reserved=8KB, committed=8KB)
                            (mmap: reserved=8KB, committed=8KB, at peak) 
 
-           Synchronization (reserved=46KB, committed=46KB)
                            (malloc=46KB #346) (at peak) 
 
-            Serviceability (reserved=17KB, committed=17KB)
                            (malloc=17KB #9) (peak=17KB #13) 
 
-                 Metaspace (reserved=65560KB, committed=11416KB)
                            (malloc=24KB #24) (at peak) 
                            (mmap: reserved=65536KB, committed=11392KB, at peak) 
 
-      String Deduplication (reserved=1KB, committed=1KB)
                            (malloc=1KB #8) (at peak) 
 
-                   Unknown (reserved=0KB, committed=0KB)
                            (mmap: reserved=0KB, committed=0KB, peak=20KB) 
 
Preinit state:entries: 352 (primary: 351, empties: 7568), sum bytes: 16437, longest chain length: 2
pre-init mallocs: 367, pre-init reallocs: 3, pre-init frees: 15
MallocLimit: unset

Periodic native trim disabled

---------------  S Y S T E M  ---------------

OS:
DISTRIB_ID=Ubuntu
DISTRIB_RELEASE=20.04
DISTRIB_CODENAME=focal
DISTRIB_DESCRIPTION="Ubuntu 20.04.6 LTS"
uname: Linux RedmiBook16-2024 6.18.33.1-microsoft-standard-WSL2 #1 SMP PREEMPT_DYNAMIC Fri Jun  5 01:12:21 UTC 2026 x86_64
OS uptime: 0 days 3:00 hours
libc: glibc 2.31 NPTL 2.31 
rlimit (soft/hard): STACK 8192k/infinity , CORE 0k/infinity , NPROC 50595/50595 , NOFILE 1048576/1048576 , AS infinity/infinity , CPU infinity/infinity , DATA infinity/infinity , FSIZE infinity/infinity , MEMLOCK 65536k/65536k
load average: 3.71 3.77 3.36

/proc/meminfo:
MemTotal:       12963484 kB
MemFree:         2191188 kB
MemAvailable:    5575464 kB
Buffers:           36552 kB
Cached:          3596580 kB
SwapCached:        97160 kB
Active:          5789692 kB
Inactive:        4086956 kB
Active(anon):    3900896 kB
Inactive(anon):  2469188 kB
Active(file):    1888796 kB
Inactive(file):  1617768 kB
Unevictable:           0 kB
Mlocked:               0 kB
SwapTotal:       4194304 kB
SwapFree:        1686696 kB
Dirty:               504 kB
Writeback:             0 kB
AnonPages:       6183548 kB
Mapped:           359836 kB
Shmem:            126560 kB
KReclaimable:     232044 kB
Slab:             359808 kB
SReclaimable:     232044 kB
SUnreclaim:       127764 kB
KernelStack:       11584 kB
PageTables:        38076 kB
SecPageTables:         0 kB
NFS_Unstable:          0 kB
Bounce:                0 kB
WritebackTmp:          0 kB
CommitLimit:    10676044 kB
Committed_AS:    8518776 kB
VmallocTotal:   34359738367 kB
VmallocUsed:       80740 kB
VmallocChunk:          0 kB
Percpu:             6592 kB
HardwareCorrupted:     0 kB
AnonHugePages:         0 kB
ShmemHugePages:        0 kB
ShmemPmdMapped:        0 kB
FileHugePages:    825344 kB
FilePmdMapped:     14336 kB
Unaccepted:            0 kB
Balloon:               0 kB
HugePages_Total:       0
HugePages_Free:        0
HugePages_Rsvd:        0
HugePages_Surp:        0
Hugepagesize:       2048 kB
Hugetlb:               0 kB
DirectMap4k:       52224 kB
DirectMap2M:     5918720 kB
DirectMap1G:    15728640 kB

/sys/kernel/mm/transparent_hugepage/enabled: always [madvise] never
/sys/kernel/mm/transparent_hugepage/hpage_pmd_size: 2097152
/sys/kernel/mm/transparent_hugepage/defrag (defrag/compaction efforts parameter): always defer defer+madvise [madvise] never

Process Memory:
Virtual Size: 5890768K (peak: 5890768K)
Resident Set Size: 291860K (peak: 291860K) (anon: 123688K, file: 168172K, shmem: 0K)
Swapped out: 0K
C-Heap outstanding allocations: 59015K, retained: 2768K (may have wrapped)
glibc malloc tunables: (default)

/proc/sys/kernel/threads-max (system-wide limit on the number of threads): 101191
/proc/sys/vm/max_map_count (maximum number of memory map areas a process may have): 65530
/proc/sys/vm/swappiness (control to define how aggressively the kernel swaps out anonymous memory): 60
/proc/sys/kernel/pid_max (system-wide limit on number of process identifiers): 4194304

container information not found.
Hyper-V virtualization detected
Steal ticks since vm start: 0
Steal ticks percentage since vm start:  0.000

CPU: total 16 (initial active 16) (8 cores per cpu, 2 threads per core) family 6 model 186 stepping 2 microcode 0xffffffff, cx8, cmov, fxsr, ht, mmx, 3dnowpref, sse, sse2, sse3, ssse3, sse4.1, sse4.2, popcnt, lzcnt, tsc, tscinvbit, avx, avx2, aes, erms, clmul, bmi1, bmi2, adx, sha, fma, vzeroupper, clflush, clflushopt, clwb, hv, serialize, rdtscp, rdpid, fsrm, f16c, cet_ibt, cet_ss
CPU Model and flags from /proc/cpuinfo:
model name	: 13th Gen Intel(R) Core(TM) i5-13500H
flags		: fpu vme de pse tsc msr pae mce cx8 apic sep mtrr pge mca cmov pat pse36 clflush mmx fxsr sse sse2 ss ht syscall nx pdpe1gb rdtscp lm constant_tsc rep_good nopl xtopology tsc_reliable nonstop_tsc cpuid tsc_known_freq pni pclmulqdq vmx ssse3 fma cx16 pcid sse4_1 sse4_2 x2apic movbe popcnt tsc_deadline_timer aes xsave avx f16c rdrand hypervisor lahf_lm abm 3dnowprefetch ssbd ibrs ibpb stibp ibrs_enhanced tpr_shadow ept vpid ept_ad fsgsbase tsc_adjust bmi1 avx2 smep bmi2 erms invpcid rdseed adx smap clflushopt clwb sha_ni xsaveopt xsavec xgetbv1 xsaves avx_vnni vnmi umip waitpkg gfni vaes vpclmulqdq rdpid movdiri movdir64b fsrm md_clear serialize ibt flush_l1d arch_capabilities

Online cpus: 0-15
Offline cpus: 
cache level: 1
cache type: Data
cache size: 48K
cache coherency line size: 64
cache level: 1
cache type: Instruction
cache size: 32K
cache coherency line size: 64
cache level: 2
cache type: Unified
cache size: 1280K
cache coherency line size: 64
cache level: 3
cache type: Unified
cache size: 18432K
cache coherency line size: 64
BIOS frequency limitation: <Not Available>
Frequency switch latency (ns): <Not Available>
Available cpu frequencies: <Not Available>
Maximum cpu frequency: <Not Available>
Minimum cpu frequency: <Not Available>
Current cpu frequency: <Not Available>
Available governors: <Not Available>
Current governor: <Not Available>
Core performance/turbo boost: <Not Available>

Memory: 4k page, physical 12963484k(5575464k free), swap 4194304k(1686696k free)
Page Sizes: 4k

vm_info: OpenJDK 64-Bit Server VM (fastdebug 21.0.7-internal-adhoc.wenjie.jeandle-jdk) for linux-amd64 JRE (21.0.7-internal-adhoc.wenjie.jeandle-jdk), built on 2026-06-20T05:08:31Z by "wenjie" with gcc 9.4.0

END.
